Archive member included because of file (symbol)

/home/santi/arm-2013.11/bin/../lib/gcc/arm-none-eabi/4.8.1/../../../../arm-none-eabi/lib/thumb2/libm.a(lib_a-w_atan2.o)
                              build/obj/main.o (atan2)
/home/santi/arm-2013.11/bin/../lib/gcc/arm-none-eabi/4.8.1/../../../../arm-none-eabi/lib/thumb2/libm.a(lib_a-w_sqrt.o)
                              build/obj/main.o (sqrt)
/home/santi/arm-2013.11/bin/../lib/gcc/arm-none-eabi/4.8.1/../../../../arm-none-eabi/lib/thumb2/libm.a(lib_a-e_atan2.o)
                              /home/santi/arm-2013.11/bin/../lib/gcc/arm-none-eabi/4.8.1/../../../../arm-none-eabi/lib/thumb2/libm.a(lib_a-w_atan2.o) (__ieee754_atan2)
/home/santi/arm-2013.11/bin/../lib/gcc/arm-none-eabi/4.8.1/../../../../arm-none-eabi/lib/thumb2/libm.a(lib_a-e_sqrt.o)
                              /home/santi/arm-2013.11/bin/../lib/gcc/arm-none-eabi/4.8.1/../../../../arm-none-eabi/lib/thumb2/libm.a(lib_a-w_sqrt.o) (__ieee754_sqrt)
/home/santi/arm-2013.11/bin/../lib/gcc/arm-none-eabi/4.8.1/../../../../arm-none-eabi/lib/thumb2/libm.a(lib_a-s_atan.o)
                              /home/santi/arm-2013.11/bin/../lib/gcc/arm-none-eabi/4.8.1/../../../../arm-none-eabi/lib/thumb2/libm.a(lib_a-e_atan2.o) (atan)
/home/santi/arm-2013.11/bin/../lib/gcc/arm-none-eabi/4.8.1/../../../../arm-none-eabi/lib/thumb2/libm.a(lib_a-s_fabs.o)
                              /home/santi/arm-2013.11/bin/../lib/gcc/arm-none-eabi/4.8.1/../../../../arm-none-eabi/lib/thumb2/libm.a(lib_a-e_atan2.o) (fabs)
/home/santi/arm-2013.11/bin/../lib/gcc/arm-none-eabi/4.8.1/../../../../arm-none-eabi/lib/thumb2/libm.a(lib_a-s_fpclassify.o)
                              /home/santi/arm-2013.11/bin/../lib/gcc/arm-none-eabi/4.8.1/../../../../arm-none-eabi/lib/thumb2/libm.a(lib_a-w_sqrt.o) (__fpclassifyd)
/home/santi/arm-2013.11/bin/../lib/gcc/arm-none-eabi/4.8.1/../../../../arm-none-eabi/lib/thumb2/libm.a(lib_a-s_lib_ver.o)
                              /home/santi/arm-2013.11/bin/../lib/gcc/arm-none-eabi/4.8.1/../../../../arm-none-eabi/lib/thumb2/libm.a(lib_a-w_sqrt.o) (__fdlib_version)
/home/santi/arm-2013.11/bin/../lib/gcc/arm-none-eabi/4.8.1/../../../../arm-none-eabi/lib/thumb2/libm.a(lib_a-s_matherr.o)
                              /home/santi/arm-2013.11/bin/../lib/gcc/arm-none-eabi/4.8.1/../../../../arm-none-eabi/lib/thumb2/libm.a(lib_a-w_sqrt.o) (matherr)
/home/santi/arm-2013.11/bin/../lib/gcc/arm-none-eabi/4.8.1/thumb2/libgcc.a(_arm_addsubdf3.o)
                              build/obj/hts221.o (__aeabi_dsub)
/home/santi/arm-2013.11/bin/../lib/gcc/arm-none-eabi/4.8.1/thumb2/libgcc.a(_arm_muldivdf3.o)
                              build/obj/hts221.o (__aeabi_dmul)
/home/santi/arm-2013.11/bin/../lib/gcc/arm-none-eabi/4.8.1/thumb2/libgcc.a(_arm_cmpdf2.o)
                              /home/santi/arm-2013.11/bin/../lib/gcc/arm-none-eabi/4.8.1/../../../../arm-none-eabi/lib/thumb2/libm.a(lib_a-w_sqrt.o) (__aeabi_dcmplt)
/home/santi/arm-2013.11/bin/../lib/gcc/arm-none-eabi/4.8.1/thumb2/libgcc.a(_arm_fixdfsi.o)
                              build/obj/lsm9ds1.o (__aeabi_d2iz)
/home/santi/arm-2013.11/bin/../lib/gcc/arm-none-eabi/4.8.1/thumb2/libgcc.a(_arm_truncdfsf2.o)
                              build/obj/hts221.o (__aeabi_d2f)
/home/santi/arm-2013.11/bin/../lib/gcc/arm-none-eabi/4.8.1/thumb2/libgcc.a(_arm_addsubsf3.o)
                              build/obj/main.o (__aeabi_fadd)
/home/santi/arm-2013.11/bin/../lib/gcc/arm-none-eabi/4.8.1/thumb2/libgcc.a(_arm_muldivsf3.o)
                              build/obj/lsm9ds1.o (__aeabi_fmul)
/home/santi/arm-2013.11/bin/../lib/gcc/arm-none-eabi/4.8.1/thumb2/libgcc.a(unwind-arm.o)
                              build/obj/i2c.o (__aeabi_unwind_cpp_pr0)
/home/santi/arm-2013.11/bin/../lib/gcc/arm-none-eabi/4.8.1/thumb2/libgcc.a(libunwind.o)
                              /home/santi/arm-2013.11/bin/../lib/gcc/arm-none-eabi/4.8.1/thumb2/libgcc.a(unwind-arm.o) (restore_core_regs)
/home/santi/arm-2013.11/bin/../lib/gcc/arm-none-eabi/4.8.1/thumb2/libgcc.a(pr-support.o)
                              /home/santi/arm-2013.11/bin/../lib/gcc/arm-none-eabi/4.8.1/thumb2/libgcc.a(unwind-arm.o) (__gnu_unwind_execute)
/home/santi/arm-2013.11/bin/../lib/gcc/arm-none-eabi/4.8.1/../../../../arm-none-eabi/lib/thumb2/libc.a(lib_a-abort.o)
                              /home/santi/arm-2013.11/bin/../lib/gcc/arm-none-eabi/4.8.1/thumb2/libgcc.a(unwind-arm.o) (abort)
/home/santi/arm-2013.11/bin/../lib/gcc/arm-none-eabi/4.8.1/../../../../arm-none-eabi/lib/thumb2/libc.a(lib_a-assert.o)
                              build/obj/atmel_adc.o (__assert_func)
/home/santi/arm-2013.11/bin/../lib/gcc/arm-none-eabi/4.8.1/../../../../arm-none-eabi/lib/thumb2/libc.a(lib_a-errno.o)
                              /home/santi/arm-2013.11/bin/../lib/gcc/arm-none-eabi/4.8.1/../../../../arm-none-eabi/lib/thumb2/libm.a(lib_a-w_sqrt.o) (__errno)
[...]
Memory Configuration

Name             Origin             Length             Attributes
flash            0x00400000         0x00020000
ram              0x20000000         0x00008000
*default*        0x00000000         0xffffffff

Linker script and memory map

LOAD build/obj/crt0.o
LOAD build/obj/vectors.o
LOAD build/obj/chcore.o
LOAD build/obj/chcore_v7m.o
LOAD build/obj/nvic.o
LOAD build/obj/chsys.o
LOAD build/obj/chlists.o
LOAD build/obj/chvt.o
LOAD build/obj/chschd.o
LOAD build/obj/chthreads.o
LOAD build/obj/chdynamic.o
LOAD build/obj/chregistry.o
LOAD build/obj/chsem.o
LOAD build/obj/chmtx.o
LOAD build/obj/chcond.o
LOAD build/obj/chevents.o
LOAD build/obj/chmsg.o
LOAD build/obj/chmboxes.o
LOAD build/obj/chqueues.o
LOAD build/obj/chmemcore.o
LOAD build/obj/chheap.o
LOAD build/obj/chmempools.o
LOAD build/obj/test.o
LOAD build/obj/testthd.o
LOAD build/obj/testsem.o
LOAD build/obj/testmtx.o
LOAD build/obj/testmsg.o
LOAD build/obj/testmbox.o
LOAD build/obj/testevt.o
LOAD build/obj/testheap.o
LOAD build/obj/testpools.o
LOAD build/obj/testdyn.o
LOAD build/obj/testqueues.o
LOAD build/obj/testbmk.o
LOAD build/obj/hal.o
LOAD build/obj/pal.o
LOAD build/obj/serial.o
LOAD build/obj/hal_lld.o
LOAD build/obj/system_SAM3.o
LOAD build/obj/pal_lld.o
LOAD build/obj/serial_lld.o
LOAD build/obj/atmel_adc.o
LOAD build/obj/pio.o
LOAD build/obj/pmc.o
LOAD build/obj/atmel_twi.o
LOAD build/obj/atmel_twid.o
LOAD build/obj/atmel_spi.o
LOAD build/obj/atmel_psram.o
LOAD build/obj/wdt.o
LOAD build/obj/board.o
LOAD build/obj/evtimer.o
LOAD build/obj/syscalls.o
LOAD build/obj/chprintf.o
LOAD build/obj/i2c.o
LOAD build/obj/hts221.o
LOAD build/obj/lsm9ds1.o
LOAD build/obj/mpl3115a2.o
LOAD build/obj/veml6070.o
LOAD build/obj/main.o
LOAD /home/santi/arm-2013.11/bin/../lib/gcc/arm-none-eabi/4.8.1/../../../../arm-none-eabi/lib/thumb2/libm.a
START GROUP
LOAD /home/santi/arm-2013.11/bin/../lib/gcc/arm-none-eabi/4.8.1/thumb2/libgcc.a
LOAD /home/santi/arm-2013.11/bin/../lib/gcc/arm-none-eabi/4.8.1/../../../../arm-none-eabi/lib/thumb2/libc.a
END GROUP
                0x00000400                __main_stack_size__ = 0x400
                0x00000400                __process_stack_size__ = 0x400
                0x00000800                __stacks_total_size__ = (__main_stack_size__ + __process_stack_size__)
                0x20000000                __ram_start__ = ORIGIN (ram)
                0x00008000                __ram_size__ = 0x8000
                0x20008000                __ram_end__ = (__ram_start__ + __ram_size__)
                0x00000000                . = 0x0
                0x00000000                _text = .

startup         0x00400000       0xd0
 *(vectors)
 vectors        0x00400000       0xd0 build/obj/vectors.o
                0x00400000                _vectors

constructors    0x004000d0        0x0
                0x004000d0                PROVIDE (__init_array_start, .)
 *(SORT(.init_array.*))
 *(.init_array)
                0x004000d0                PROVIDE (__init_array_end, .)

destructors     0x004000d0        0x0
                0x004000d0                PROVIDE (__fini_array_start, .)
 *(.fini_array)
 *(SORT(.fini_array.*))
                0x004000d0                PROVIDE (__fini_array_end, .)

.text           0x004000d0     0x8e5c
 *(.text.startup.*)
 .text.startup.main
                0x004000d0       0x70 build/obj/main.o
                0x004000d0                main
 *(.text)
 .text          0x00400140        0x4 /home/santi/arm-2013.11/bin/../lib/gcc/arm-none-eabi/4.8.1/../../../../arm-none-eabi/lib/thumb2/libm.a(lib_a-w_atan2.o)
                0x00400140                atan2
 *fill*         0x00400144        0xc 
 .text          0x00400150       0xb0 /home/santi/arm-2013.11/bin/../lib/gcc/arm-none-eabi/4.8.1/../../../../arm-none-eabi/lib/thumb2/libm.a(lib_a-w_sqrt.o)
                0x00400150                sqrt
 .text          0x00400200      0x200 /home/santi/arm-2013.11/bin/../lib/gcc/arm-none-eabi/4.8.1/../../../../arm-none-eabi/lib/thumb2/libm.a(lib_a-e_atan2.o)
                0x00400200                __ieee754_atan2
 .text          0x00400400      0x17c /home/santi/arm-2013.11/bin/../lib/gcc/arm-none-eabi/4.8.1/../../../../arm-none-eabi/lib/thumb2/libm.a(lib_a-e_sqrt.o)
                0x00400400                __ieee754_sqrt
 *fill*         0x0040057c        0x4 
 .text          0x00400580      0x360 /home/santi/arm-2013.11/bin/../lib/gcc/arm-none-eabi/4.8.1/../../../../arm-none-eabi/lib/thumb2/libm.a(lib_a-s_atan.o)
                0x00400580                atan
 .text          0x004008e0        0x8 /home/santi/arm-2013.11/bin/../lib/gcc/arm-none-eabi/4.8.1/../../../../arm-none-eabi/lib/thumb2/libm.a(lib_a-s_fabs.o)
                0x004008e0                fabs
 *fill*         0x004008e8        0x8 
 .text          0x004008f0       0x50 /home/santi/arm-2013.11/bin/../lib/gcc/arm-none-eabi/4.8.1/../../../../arm-none-eabi/lib/thumb2/libm.a(lib_a-s_fpclassify.o)
                0x004008f0                __fpclassifyd
 .text          0x00400940        0x4 /home/santi/arm-2013.11/bin/../lib/gcc/arm-none-eabi/4.8.1/../../../../arm-none-eabi/lib/thumb2/libm.a(lib_a-s_matherr.o)
                0x00400940                matherr
 *fill*         0x00400944        0xc 
 .text          0x00400950      0x370 /home/santi/arm-2013.11/bin/../lib/gcc/arm-none-eabi/4.8.1/thumb2/libgcc.a(_arm_addsubdf3.o)
                0x00400950                __aeabi_drsub
                0x00400958                __aeabi_dsub
                0x00400958                __subdf3
                0x0040095c                __adddf3
                0x0040095c                __aeabi_dadd
                0x00400bd4                __aeabi_ui2d
                0x00400bd4                __floatunsidf
                0x00400bf4                __floatsidf
                0x00400bf4                __aeabi_i2d
                0x00400c18                __extendsfdf2
                0x00400c18                __aeabi_f2d
                0x00400c54                __aeabi_ul2d
                0x00400c54                __floatundidf
                0x00400c64                __floatdidf
                0x00400c64                __aeabi_l2d
 .text          0x00400cc0      0x424 /home/santi/arm-2013.11/bin/../lib/gcc/arm-none-eabi/4.8.1/thumb2/libgcc.a(_arm_muldivdf3.o)
                0x00400cc0                __aeabi_dmul
                0x00400cc0                __muldf3
                0x00400f14                __aeabi_ddiv
                0x00400f14                __divdf3
 *fill*         0x004010e4        0xc 
 .text          0x004010f0      0x110 /home/santi/arm-2013.11/bin/../lib/gcc/arm-none-eabi/4.8.1/thumb2/libgcc.a(_arm_cmpdf2.o)
                0x004010f0                __gtdf2
                0x004010f0                __gedf2
                0x004010f8                __ltdf2
                0x004010f8                __ledf2
                0x00401100                __cmpdf2
                0x00401100                __eqdf2
                0x00401100                __nedf2
                0x0040117c                __aeabi_cdrcmple
                0x0040118c                __aeabi_cdcmple
                0x0040118c                __aeabi_cdcmpeq
                0x0040119c                __aeabi_dcmpeq
                0x004011b0                __aeabi_dcmplt
                0x004011c4                __aeabi_dcmple
                0x004011d8                __aeabi_dcmpge
                0x004011ec                __aeabi_dcmpgt
 .text          0x00401200       0xa0 /home/santi/arm-2013.11/bin/../lib/gcc/arm-none-eabi/4.8.1/thumb2/libgcc.a(_arm_truncdfsf2.o)
                0x00401200                __aeabi_d2f
                0x00401200                __truncdfsf2
 .text          0x004012a0      0x21c /home/santi/arm-2013.11/bin/../lib/gcc/arm-none-eabi/4.8.1/thumb2/libgcc.a(_arm_addsubsf3.o)
                0x004012a0                __aeabi_frsub
                0x004012a8                __subsf3
                0x004012a8                __aeabi_fsub
                0x004012ac                __aeabi_fadd
                0x004012ac                __addsf3
                0x0040140c                __aeabi_ui2f
                0x0040140c                __floatunsisf
                0x00401414                __aeabi_i2f
                0x00401414                __floatsisf
                0x00401430                __floatundisf
                0x00401430                __aeabi_ul2f
                0x00401440                __floatdisf
                0x00401440                __aeabi_l2f
 *fill*         0x004014bc        0x4 
 .text          0x004014c0      0x2a0 /home/santi/arm-2013.11/bin/../lib/gcc/arm-none-eabi/4.8.1/thumb2/libgcc.a(_arm_muldivsf3.o)
                0x004014c0                __mulsf3
                0x004014c0                __aeabi_fmul
                0x00401628                __divsf3
                0x00401628                __aeabi_fdiv
 .text          0x00401760      0xa38 /home/santi/arm-2013.11/bin/../lib/gcc/arm-none-eabi/4.8.1/thumb2/libgcc.a(unwind-arm.o)
                0x00401a4c                _Unwind_GetCFA
                0x00401a50                __gnu_Unwind_RaiseException
                0x00401ab0                __gnu_Unwind_ForcedUnwind
                0x00401ac4                __gnu_Unwind_Resume
                0x00401b08                __gnu_Unwind_Resume_or_Rethrow
                0x00401b20                _Unwind_Complete
                0x00401b24                _Unwind_DeleteException
                0x00401b34                _Unwind_VRS_Get
                0x00401b8c                _Unwind_VRS_Set
                0x00401be8                __gnu_Unwind_Backtrace
                0x00401f1c                __aeabi_unwind_cpp_pr0
                0x00401f20                __aeabi_unwind_cpp_pr1
                0x00401f24                __aeabi_unwind_cpp_pr2
                0x00401f28                _Unwind_VRS_Pop
 *fill*         0x00402198        0x8 
 .text          0x004021a0      0x1ac /home/santi/arm-2013.11/bin/../lib/gcc/arm-none-eabi/4.8.1/thumb2/libgcc.a(libunwind.o)
                0x004021a0                __restore_core_regs
                0x004021a0                restore_core_regs
                0x004021b8                __gnu_Unwind_Restore_VFP
                0x004021c0                __gnu_Unwind_Save_VFP
                0x004021c8                __gnu_Unwind_Restore_VFP_D
                0x004021d0                __gnu_Unwind_Save_VFP_D
                0x004021d8                __gnu_Unwind_Restore_VFP_D_16_to_31
                0x004021e0                __gnu_Unwind_Save_VFP_D_16_to_31
                0x004021e8                __gnu_Unwind_Restore_WMMXD
                0x0040222c                __gnu_Unwind_Save_WMMXD
                0x00402270                __gnu_Unwind_Restore_WMMXC
                0x00402284                __gnu_Unwind_Save_WMMXC
                0x00402298                ___Unwind_RaiseException
                0x00402298                _Unwind_RaiseException
                0x004022bc                ___Unwind_Resume
                0x004022bc                _Unwind_Resume
                0x004022e0                _Unwind_Resume_or_Rethrow
                0x004022e0                ___Unwind_Resume_or_Rethrow
                0x00402304                ___Unwind_ForcedUnwind
                0x00402304                _Unwind_ForcedUnwind
                0x00402328                _Unwind_Backtrace
                0x00402328                ___Unwind_Backtrace
 *fill*         0x0040234c        0x4 
 .text          0x00402350      0x380 /home/santi/arm-2013.11/bin/../lib/gcc/arm-none-eabi/4.8.1/thumb2/libgcc.a(pr-support.o)
                0x004023a4                __gnu_unwind_execute
                0x00402674                __gnu_unwind_frame
                0x004026a0                _Unwind_GetRegionStart
                0x004026ac                _Unwind_GetLanguageSpecificData
                0x004026c0                _Unwind_GetDataRelBase
                0x004026c8                _Unwind_GetTextRelBase
 .text          0x004026d0       0x10 /home/santi/arm-2013.11/bin/../lib/gcc/arm-none-eabi/4.8.1/../../../../arm-none-eabi/lib/thumb2/libc.a(lib_a-abort.o)
                0x004026d0                abort
 .text          0x004026e0       0x50 /home/santi/arm-2013.11/bin/../lib/gcc/arm-none-eabi/4.8.1/../../../../arm-none-eabi/lib/thumb2/libc.a(lib_a-assert.o)
                0x004026e0                __assert_func
                0x00402724                __assert
 .text          0x00402730        0xc /home/santi/arm-2013.11/bin/../lib/gcc/arm-none-eabi/4.8.1/../../../../arm-none-eabi/lib/thumb2/libc.a(lib_a-errno.o)
                0x00402730                __errno
 *fill*         0x0040273c        0x4 
 .text          0x00402740       0x4c /home/santi/arm-2013.11/bin/../lib/gcc/arm-none-eabi/4.8.1/../../../../arm-none-eabi/lib/thumb2/libc.a(lib_a-fiprintf.o)
                0x00402740                _fiprintf_r
                0x00402760                fiprintf
 *fill*         0x0040278c        0x4 
 .text          0x00402790       0xa8 /home/santi/arm-2013.11/bin/../lib/gcc/arm-none-eabi/4.8.1/../../../../arm-none-eabi/lib/thumb2/libc.a(lib_a-memcpy-stub.o)
                0x00402790                memcpy
 *fill*         0x00402838        0x8 
 .text          0x00402840       0xa0 /home/santi/arm-2013.11/bin/../lib/gcc/arm-none-eabi/4.8.1/../../../../arm-none-eabi/lib/thumb2/libc.a(lib_a-memset.o)
                0x00402840                memset
 .text          0x004028e0      0x15c /home/santi/arm-2013.11/bin/../lib/gcc/arm-none-eabi/4.8.1/../../../../arm-none-eabi/lib/thumb2/libc.a(lib_a-signal.o)
                0x004028e0                _init_signal_r
                0x00402914                _signal_r
                0x00402954                _raise_r
                0x004029a8                __sigtramp_r
                0x004029f8                raise
                0x00402a08                signal
                0x00402a1c                _init_signal
                0x00402a2c                __sigtramp
 *fill*         0x00402a3c        0x4 
 .text          0x00402a40       0x2c /home/santi/arm-2013.11/bin/../lib/gcc/arm-none-eabi/4.8.1/../../../../arm-none-eabi/lib/thumb2/libc.a(lib_a-signalr.o)
                0x00402a40                _kill_r
                0x00402a68                _getpid_r
 *fill*         0x00402a6c        0x4 
 .text          0x00402a70      0xeb8 /home/santi/arm-2013.11/bin/../lib/gcc/arm-none-eabi/4.8.1/../../../../arm-none-eabi/lib/thumb2/libc.a(lib_a-vfiprintf.o)
                0x00402ae8                __sprint_r
                0x00402b00                _vfiprintf_r
                0x00403890                vfiprintf
 *fill*         0x00403928        0x8 
 .text          0x00403930       0xf8 /home/santi/arm-2013.11/bin/../lib/gcc/arm-none-eabi/4.8.1/../../../../arm-none-eabi/lib/thumb2/libc.a(lib_a-wsetup.o)
                0x00403930                __swsetup_r
 *fill*         0x00403a28        0x8 
 .text          0x00403a30      0x1d8 /home/santi/arm-2013.11/bin/../lib/gcc/arm-none-eabi/4.8.1/../../../../arm-none-eabi/lib/thumb2/libc.a(lib_a-fflush.o)
                0x00403a30                __sflush_r
                0x00403b80                _fflush_r
                0x00403be0                fflush
 *fill*         0x00403c08        0x8 
 .text          0x00403c10      0x248 /home/santi/arm-2013.11/bin/../lib/gcc/arm-none-eabi/4.8.1/../../../../arm-none-eabi/lib/thumb2/libc.a(lib_a-findfp.o)
                0x00403c18                _cleanup_r
                0x00403c24                __sfmoreglue
                0x00403c54                _cleanup
                0x00403c6c                __sinit
                0x00403d90                __sfp
                0x00403e18                __sfp_lock_acquire
                0x00403e1c                __sfp_lock_release
                0x00403e20                __sinit_lock_acquire
                0x00403e24                __sinit_lock_release
                0x00403e28                __fp_lock_all
                0x00403e40                __fp_unlock_all
 *fill*         0x00403e58        0x8 
 .text          0x00403e60      0x124 /home/santi/arm-2013.11/bin/../lib/gcc/arm-none-eabi/4.8.1/../../../../arm-none-eabi/lib/thumb2/libc.a(lib_a-fputwc.o)
                0x00403e60                _fputwc_r
                0x00403f28                fputwc
 *fill*         0x00403f84        0xc 
 .text          0x00403f90      0x23c /home/santi/arm-2013.11/bin/../lib/gcc/arm-none-eabi/4.8.1/../../../../arm-none-eabi/lib/thumb2/libc.a(lib_a-freer.o)
                0x00403f90                _malloc_trim_r
                0x00404034                _free_r
 *fill*         0x004041cc        0x4 
 .text          0x004041d0      0x2f4 /home/santi/arm-2013.11/bin/../lib/gcc/arm-none-eabi/4.8.1/../../../../arm-none-eabi/lib/thumb2/libc.a(lib_a-fvwrite.o)
                0x004041d0                __sfvwrite_r
 *fill*         0x004044c4        0xc 
 .text          0x004044d0       0x94 /home/santi/arm-2013.11/bin/../lib/gcc/arm-none-eabi/4.8.1/../../../../arm-none-eabi/lib/thumb2/libc.a(lib_a-fwalk.o)
                0x004044d0                _fwalk
                0x00404518                _fwalk_reent
 *fill*         0x00404564        0xc 
 .text          0x00404570       0x9c /home/santi/arm-2013.11/bin/../lib/gcc/arm-none-eabi/4.8.1/../../../../arm-none-eabi/lib/thumb2/libc.a(lib_a-locale.o)
                0x00404570                _setlocale_r
                0x004045c4                __locale_charset
                0x004045d0                __locale_mb_cur_max
                0x004045dc                __locale_msgcharset
                0x004045e4                __locale_cjk_lang
                0x004045e8                _localeconv_r
                0x004045f0                setlocale
                0x00404604                localeconv
 *fill*         0x0040460c        0x4 
 .text          0x00404610       0xe8 /home/santi/arm-2013.11/bin/../lib/gcc/arm-none-eabi/4.8.1/../../../../arm-none-eabi/lib/thumb2/libc.a(lib_a-makebuf.o)
                0x00404610                __smakebuf_r
 *fill*         0x004046f8        0x8 
 .text          0x00404700      0x570 /home/santi/arm-2013.11/bin/../lib/gcc/arm-none-eabi/4.8.1/../../../../arm-none-eabi/lib/thumb2/libc.a(lib_a-mallocr.o)
                0x00404700                _malloc_r
 .text          0x00404c70       0x90 /home/santi/arm-2013.11/bin/../lib/gcc/arm-none-eabi/4.8.1/../../../../arm-none-eabi/lib/thumb2/libc.a(lib_a-memchr-stub.o)
                0x00404c70                memchr
 .text          0x00404d00       0xd0 /home/santi/arm-2013.11/bin/../lib/gcc/arm-none-eabi/4.8.1/../../../../arm-none-eabi/lib/thumb2/libc.a(lib_a-memmove.o)
                0x00404d00                memmove
 .text          0x00404dd0        0x8 /home/santi/arm-2013.11/bin/../lib/gcc/arm-none-eabi/4.8.1/../../../../arm-none-eabi/lib/thumb2/libc.a(lib_a-mlock.o)
                0x00404dd0                __malloc_lock
                0x00404dd4                __malloc_unlock
 *fill*         0x00404dd8        0x8 
 .text          0x00404de0      0x3ec /home/santi/arm-2013.11/bin/../lib/gcc/arm-none-eabi/4.8.1/../../../../arm-none-eabi/lib/thumb2/libc.a(lib_a-reallocr.o)
                0x00404de0                _realloc_r
 *fill*         0x004051cc        0x4 
 .text          0x004051d0       0x88 /home/santi/arm-2013.11/bin/../lib/gcc/arm-none-eabi/4.8.1/../../../../arm-none-eabi/lib/thumb2/libc.a(lib_a-stdio.o)
                0x004051d0                __sread
                0x004051f4                __seofread
                0x004051f8                __swrite
                0x00405230                __sseek
                0x00405250                __sclose
 *fill*         0x00405258        0x8 
 .text          0x00405260      0x23c /home/santi/arm-2013.11/bin/../lib/gcc/arm-none-eabi/4.8.1/../../../../arm-none-eabi/lib/thumb2/libc.a(lib_a-strcmp.o)
                0x00405260                strcmp
 *fill*         0x0040549c        0x4 
 .text          0x004054a0       0x60 /home/santi/arm-2013.11/bin/../lib/gcc/arm-none-eabi/4.8.1/../../../../arm-none-eabi/lib/thumb2/libc.a(lib_a-strlen.o)
                0x004054a0                strlen
 .text          0x00405500       0xe8 /home/santi/arm-2013.11/bin/../lib/gcc/arm-none-eabi/4.8.1/../../../../arm-none-eabi/lib/thumb2/libc.a(lib_a-wbuf.o)
                0x00405500                __swbuf_r
                0x004055d4                __swbuf
 *fill*         0x004055e8        0x8 
 .text          0x004055f0       0xb4 /home/santi/arm-2013.11/bin/../lib/gcc/arm-none-eabi/4.8.1/../../../../arm-none-eabi/lib/thumb2/libc.a(lib_a-wcrtomb.o)
                0x004055f0                _wcrtomb_r
                0x00405648                wcrtomb
 *fill*         0x004056a4        0xc 
 .text          0x004056b0       0x48 /home/santi/arm-2013.11/bin/../lib/gcc/arm-none-eabi/4.8.1/../../../../arm-none-eabi/lib/thumb2/libc.a(lib_a-wctomb_r.o)
                0x004056b0                __ascii_wctomb
                0x004056c8                _wctomb_r
 *fill*         0x004056f8        0x8 
 .text          0x00405700       0xc0 /home/santi/arm-2013.11/bin/../lib/gcc/arm-none-eabi/4.8.1/../../../../arm-none-eabi/lib/thumb2/libc.a(lib_a-fclose.o)
                0x00405700                _fclose_r
                0x004057b0                fclose
 .text          0x004057c0       0x2c /home/santi/arm-2013.11/bin/../lib/gcc/arm-none-eabi/4.8.1/thumb2/libgcc.a(_aeabi_uldivmod.o)
                0x004057c0                __aeabi_uldivmod
 *fill*         0x004057ec        0x4 
 .text          0x004057f0       0x60 /home/santi/arm-2013.11/bin/../lib/gcc/arm-none-eabi/4.8.1/thumb2/libgcc.a(bpabi.o)
                0x004057f0                __gnu_ldivmod_helper
                0x00405820                __gnu_uldivmod_helper
 .text          0x00405850        0x4 /home/santi/arm-2013.11/bin/../lib/gcc/arm-none-eabi/4.8.1/thumb2/libgcc.a(_dvmd_tls.o)
                0x00405850                __aeabi_ldiv0
                0x00405850                __aeabi_idiv0
 *fill*         0x00405854        0xc 
 .text          0x00405860      0x354 /home/santi/arm-2013.11/bin/../lib/gcc/arm-none-eabi/4.8.1/thumb2/libgcc.a(_divdi3.o)
                0x00405860                __divdi3
 *fill*         0x00405bb4        0xc 
 .text          0x00405bc0      0x300 /home/santi/arm-2013.11/bin/../lib/gcc/arm-none-eabi/4.8.1/thumb2/libgcc.a(_udivdi3.o)
                0x00405bc0                __udivdi3
 .text          0x00405ec0      0x278 /home/santi/arm-2013.11/bin/../lib/gcc/arm-none-eabi/4.8.1/thumb2/libgcc.a(_udivsi3.o)
                0x00405ec0                __udivsi3
                0x00405ec0                __aeabi_uidiv
                0x0040611c                __aeabi_uidivmod
 *(.text.*)
 *fill*         0x00406138        0x8 
 .text.__late_init
                0x00406140       0x10 build/obj/crt0.o
                0x00406140                __late_init
 .text._default_exit
                0x00406150       0x10 build/obj/crt0.o
                0x00406150                _default_exit
 .text.ResetHandler
                0x00406160      0x140 build/obj/crt0.o
                0x00406160                ResetHandler
 .text._unhandled_exception
                0x004062a0       0x10 build/obj/vectors.o
                0x004062a0                Vector58
                0x004062a0                Vector9C
                0x004062a0                VectorAC
                0x004062a0                Vector5C
                0x004062a0                NMIVector
                0x004062a0                Vector8C
                0x004062a0                VectorC8
                0x004062a0                Vector94
                0x004062a0                VectorA8
                0x004062a0                VectorB4
                0x004062a0                Vector74
                0x004062a0                UsageFaultVector
                0x004062a0                DebugMonitorVector
                0x004062a0                Vector40
                0x004062a0                VectorBC
                0x004062a0                PendSVVector
                0x004062a0                VectorCC
                0x004062a0                Vector54
                0x004062a0                Vector98
                0x004062a0                Vector24
                0x004062a0                Vector84
                0x004062a0                BusFaultVector
                0x004062a0                VectorC0
                0x004062a0                HardFaultVector
                0x004062a0                MemManageVector
                0x004062a0                Vector6C
                0x004062a0                VectorA0
                0x004062a0                VectorC4
                0x004062a0                Vector7C
                0x004062a0                VectorB0
                0x004062a0                Vector90
                0x004062a0                Vector1C
                0x004062a0                Vector48
                0x004062a0                Vector70
                0x004062a0                Vector4C
                0x004062a0                Vector80
                0x004062a0                Vector68
                0x004062a0                Vector78
                0x004062a0                _unhandled_exception
                0x004062a0                Vector88
                0x004062a0                Vector50
                0x004062a0                Vector44
                0x004062a0                Vector28
                0x004062a0                VectorB8
                0x004062a0                Vector34
                0x004062a0                VectorA4
                0x004062a0                Vector20
 .text._port_switch_from_isr
                0x004062b0       0x10 build/obj/chcore_v7m.o
                0x004062b0                _port_switch_from_isr
 .text.SVCallVector
                0x004062c0       0x20 build/obj/chcore_v7m.o
                0x004062c0                SVCallVector
 .text._port_init
                0x004062e0       0x40 build/obj/chcore_v7m.o
                0x004062e0                _port_init
 .text._port_irq_epilogue
                0x00406320       0x80 build/obj/chcore_v7m.o
                0x00406320                _port_irq_epilogue
 .text.SysTickVector
                0x004063a0       0x20 build/obj/chcore_v7m.o
                0x004063a0                SysTickVector
 .text._port_switch
                0x004063c0       0x10 build/obj/chcore_v7m.o
                0x004063c0                _port_switch
 .text._port_thread_start
                0x004063d0       0x10 build/obj/chcore_v7m.o
                0x004063d0                _port_thread_start
 .text.nvicSetSystemHandlerPriority
                0x004063e0       0x30 build/obj/nvic.o
                0x004063e0                nvicSetSystemHandlerPriority
 .text._idle_thread
                0x00406410       0x20 build/obj/chsys.o
                0x00406410                _idle_thread
 .text.chSysInit
                0x00406430       0x70 build/obj/chsys.o
                0x00406430                chSysInit
 .text.chSysTimerHandlerI
                0x004064a0       0x60 build/obj/chsys.o
                0x004064a0                chSysTimerHandlerI
 .text._vt_init
                0x00406500       0x20 build/obj/chvt.o
                0x00406500                _vt_init
 .text.chVTSetI
                0x00406520       0x40 build/obj/chvt.o
                0x00406520                chVTSetI
 .text.chVTResetI
                0x00406560       0x30 build/obj/chvt.o
                0x00406560                chVTResetI
 .text.wakeup   0x00406590       0x60 build/obj/chschd.o
 .text._scheduler_init
                0x004065f0       0x20 build/obj/chschd.o
                0x004065f0                _scheduler_init
 .text.chSchReadyI
                0x00406610       0x30 build/obj/chschd.o
                0x00406610                chSchReadyI
 .text.chSchGoSleepS
                0x00406640       0x30 build/obj/chschd.o
                0x00406640                chSchGoSleepS
 .text.chSchGoSleepTimeoutS
                0x00406670       0x50 build/obj/chschd.o
                0x00406670                chSchGoSleepTimeoutS
 .text.chSchWakeupS
                0x004066c0       0x70 build/obj/chschd.o
                0x004066c0                chSchWakeupS
 .text.chSchDoReschedule
                0x00406730       0x50 build/obj/chschd.o
                0x00406730                chSchDoReschedule
 .text._thread_init
                0x00406780       0x50 build/obj/chthreads.o
                0x00406780                _thread_init
 .text.chThdCreateStatic
                0x004067d0       0x90 build/obj/chthreads.o
                0x004067d0                chThdCreateStatic
 .text.chThdSleep
                0x00406860       0x20 build/obj/chthreads.o
                0x00406860                chThdSleep
 .text.chThdExitS
                0x00406880       0x50 build/obj/chthreads.o
                0x00406880                chThdExitS
 .text.chThdExit
                0x004068d0       0x10 build/obj/chthreads.o
                0x004068d0                chThdExit
 .text.chMtxInit
                0x004068e0       0x10 build/obj/chmtx.o
                0x004068e0                chMtxInit
 .text.chEvtSignalFlagsI
                0x004068f0       0x30 build/obj/chevents.o
                0x004068f0                chEvtSignalFlagsI
 .text.chEvtBroadcastFlagsI
                0x00406920       0x20 build/obj/chevents.o
                0x00406920                chEvtBroadcastFlagsI
 .text.qwait    0x00406940       0x30 build/obj/chqueues.o
 .text.chIQInit
                0x00406970       0x20 build/obj/chqueues.o
                0x00406970                chIQInit
 .text.chIQPutI
                0x00406990       0x50 build/obj/chqueues.o
                0x00406990                chIQPutI
 .text.chIQGetTimeout
                0x004069e0       0x50 build/obj/chqueues.o
                0x004069e0                chIQGetTimeout
 .text.chIQReadTimeout
                0x00406a30       0x80 build/obj/chqueues.o
                0x00406a30                chIQReadTimeout
 .text.chOQInit
                0x00406ab0       0x20 build/obj/chqueues.o
                0x00406ab0                chOQInit
 .text.chOQPutTimeout
                0x00406ad0       0x60 build/obj/chqueues.o
                0x00406ad0                chOQPutTimeout
 .text.chOQGetI
                0x00406b30       0x50 build/obj/chqueues.o
                0x00406b30                chOQGetI
 .text.chOQWriteTimeout
                0x00406b80       0x80 build/obj/chqueues.o
                0x00406b80                chOQWriteTimeout
 .text._core_init
                0x00406c00       0x30 build/obj/chmemcore.o
                0x00406c00                _core_init
 .text.chCoreAlloc
                0x00406c30       0x40 build/obj/chmemcore.o
                0x00406c30                chCoreAlloc
 .text._heap_init
                0x00406c70       0x20 build/obj/chheap.o
                0x00406c70                _heap_init
 .text.halInit  0x00406c90       0x20 build/obj/hal.o
                0x00406c90                halInit
 .text.putwouldblock
                0x00406cb0       0x10 build/obj/serial.o
 .text.getwouldblock
                0x00406cc0       0x10 build/obj/serial.o
 .text.getflags
                0x00406cd0       0x20 build/obj/serial.o
 .text.readt    0x00406cf0       0x10 build/obj/serial.o
 .text.reads    0x00406d00       0x10 build/obj/serial.o
 .text.writet   0x00406d10       0x10 build/obj/serial.o
 .text.writes   0x00406d20       0x10 build/obj/serial.o
 .text.gett     0x00406d30       0x10 build/obj/serial.o
 .text.putt     0x00406d40       0x10 build/obj/serial.o
 .text.sdInit   0x00406d50       0x10 build/obj/serial.o
                0x00406d50                sdInit
 .text.sdObjectInit
                0x00406d60       0x50 build/obj/serial.o
                0x00406d60                sdObjectInit
 .text.sdIncomingDataI
                0x00406db0       0x50 build/obj/serial.o
                0x00406db0                sdIncomingDataI
 .text.hal_lld_init
                0x00406e00       0x40 build/obj/hal_lld.o
                0x00406e00                hal_lld_init
 .text.at91sam3_clock_init
                0x00406e40       0x10 build/obj/hal_lld.o
                0x00406e40                at91sam3_clock_init
 .text.SystemCoreClockUpdate
                0x00406e50      0x140 build/obj/system_SAM3.o
                0x00406e50                SystemCoreClockUpdate
 .text.SystemInit
                0x00406f90       0xc0 build/obj/system_SAM3.o
                0x00406f90                SystemInit
 .text._pal_lld_init
                0x00407050       0xc0 build/obj/pal_lld.o
                0x00407050                _pal_lld_init
 .text._pal_lld_setgroupmode
                0x00407110       0x40 build/obj/pal_lld.o
                0x00407110                _pal_lld_setgroupmode
 .text.notify1  0x00407150       0x10 build/obj/serial_lld.o
 .text.notify2  0x00407160       0x10 build/obj/serial_lld.o
 .text.serve_interrupt
                0x00407170       0xb0 build/obj/serial_lld.o
 .text.Vector60
                0x00407220       0x20 build/obj/serial_lld.o
                0x00407220                Vector60
 .text.Vector64
                0x00407240       0x20 build/obj/serial_lld.o
                0x00407240                Vector64
 .text.sd_lld_init
                0x00407260       0x70 build/obj/serial_lld.o
                0x00407260                sd_lld_init
 .text.PIO_Configure
                0x004072d0      0x160 build/obj/pio.o
                0x004072d0                PIO_Configure
 .text.PMC_EnablePeripheral
                0x00407430       0x70 build/obj/pmc.o
                0x00407430                PMC_EnablePeripheral
 .text.TWI_ConfigureMaster
                0x004074a0       0x90 build/obj/atmel_twi.o
                0x004074a0                TWI_ConfigureMaster
 .text.TWI_Stop
                0x00407530       0x30 build/obj/atmel_twi.o
                0x00407530                TWI_Stop
 .text.TWI_StartRead
                0x00407560       0xb0 build/obj/atmel_twi.o
                0x00407560                TWI_StartRead
 .text.TWI_ReadByte
                0x00407610       0x30 build/obj/atmel_twi.o
                0x00407610                TWI_ReadByte
 .text.TWI_WriteByte
                0x00407640       0x30 build/obj/atmel_twi.o
                0x00407640                TWI_WriteByte
 .text.TWI_StartWrite
                0x00407670       0xb0 build/obj/atmel_twi.o
                0x00407670                TWI_StartWrite
 .text.TWI_ByteReceived
                0x00407720       0x10 build/obj/atmel_twi.o
                0x00407720                TWI_ByteReceived
 .text.TWI_ByteSent
                0x00407730       0x10 build/obj/atmel_twi.o
                0x00407730                TWI_ByteSent
 .text.TWI_TransferComplete
                0x00407740       0x10 build/obj/atmel_twi.o
                0x00407740                TWI_TransferComplete
 .text.TWI_EnableIt
                0x00407750       0x60 build/obj/atmel_twi.o
                0x00407750                TWI_EnableIt
 .text.TWI_SendSTOPCondition
                0x004077b0       0x30 build/obj/atmel_twi.o
                0x004077b0                TWI_SendSTOPCondition
 .text.TWID_Initialize
                0x004077e0       0x10 build/obj/atmel_twid.o
                0x004077e0                TWID_Initialize
 .text.TWID_Read
                0x004077f0      0x130 build/obj/atmel_twid.o
                0x004077f0                TWID_Read
 .text.TWID_Write
                0x00407920      0x110 build/obj/atmel_twid.o
                0x00407920                TWID_Write
 .text.BOARD_ConfigurePSRAM
                0x00407a30       0x40 build/obj/atmel_psram.o
                0x00407a30                BOARD_ConfigurePSRAM
 .text.WDT_Restart
                0x00407a70       0x10 build/obj/wdt.o
                0x00407a70                WDT_Restart
 .text.__early_init
                0x00407a80       0x10 build/obj/board.o
                0x00407a80                __early_init
 .text.boardInit
                0x00407a90       0x60 build/obj/board.o
                0x00407a90                boardInit
 .text._read_r  0x00407af0       0x10 build/obj/syscalls.o
                0x00407af0                _read_r
 .text._lseek_r
                0x00407b00       0x10 build/obj/syscalls.o
                0x00407b00                _lseek_r
 .text._write_r
                0x00407b10       0x10 build/obj/syscalls.o
                0x00407b10                _write_r
 .text._close_r
                0x00407b20       0x10 build/obj/syscalls.o
                0x00407b20                _close_r
 .text._sbrk_r  0x00407b30       0x20 build/obj/syscalls.o
                0x00407b30                _sbrk_r
 .text._fstat_r
                0x00407b50       0x20 build/obj/syscalls.o
                0x00407b50                _fstat_r
 .text._isatty_r
                0x00407b70       0x10 build/obj/syscalls.o
                0x00407b70                _isatty_r
 .text._getpid  0x00407b80       0x10 build/obj/syscalls.o
                0x00407b80                _getpid
 .text._exit    0x00407b90       0x10 build/obj/syscalls.o
                0x00407b90                _exit
 .text._kill    0x00407ba0       0x10 build/obj/syscalls.o
                0x00407ba0                _kill
 .text._ZN7creator3I2C4InitEv
                0x00407bb0       0x70 build/obj/i2c.o
                0x00407bb0                creator::I2C::Init()
 .text._ZN7creator3I2C9WriteByteEhhh
                0x00407c20       0x30 build/obj/i2c.o
                0x00407c20                creator::I2C::WriteByte(unsigned char, unsigned char, unsigned char)
 .text._ZN7creator3I2C9WriteByteEhh
                0x00407c50       0x30 build/obj/i2c.o
                0x00407c50                creator::I2C::WriteByte(unsigned char, unsigned char)
 .text._ZN7creator3I2C8ReadByteEhh
                0x00407c80       0x30 build/obj/i2c.o
                0x00407c80                creator::I2C::ReadByte(unsigned char, unsigned char)
 .text._ZN7creator3I2C8ReadByteEh
                0x00407cb0       0x30 build/obj/i2c.o
                0x00407cb0                creator::I2C::ReadByte(unsigned char)
 .text._ZN7creator3I2C9ReadBytesEhhPhh
                0x00407ce0       0x30 build/obj/i2c.o
                0x00407ce0                creator::I2C::ReadBytes(unsigned char, unsigned char, unsigned char*, unsigned char)
 .text._ZN7creator6HTS221C2EPNS_3I2CEh
                0x00407d10       0x10 build/obj/hts221.o
                0x00407d10                creator::HTS221::HTS221(creator::I2C*, unsigned char)
                0x00407d10                creator::HTS221::HTS221(creator::I2C*, unsigned char)
 .text._ZN7creator6HTS2215BeginEv
                0x00407d20       0xf0 build/obj/hts221.o
                0x00407d20                creator::HTS221::Begin()
 .text._ZN7creator6HTS2217GetDataERfS1_
                0x00407e10      0x130 build/obj/hts221.o
                0x00407e10                creator::HTS221::GetData(float&, float&)
 .text._ZN7LSM9DS14initE14interface_modehh
                0x00407f40       0xc0 build/obj/lsm9ds1.o
                0x00407f40                LSM9DS1::init(interface_mode, unsigned char, unsigned char)
 .text._ZN7LSM9DS1C2EPN7creator3I2CE14interface_modehh
                0x00408000       0x20 build/obj/lsm9ds1.o
                0x00408000                LSM9DS1::LSM9DS1(creator::I2C*, interface_mode, unsigned char, unsigned char)
                0x00408000                LSM9DS1::LSM9DS1(creator::I2C*, interface_mode, unsigned char, unsigned char)
 .text._ZN7LSM9DS18initGyroEv
                0x00408020       0xe0 build/obj/lsm9ds1.o
                0x00408020                LSM9DS1::initGyro()
 .text._ZN7LSM9DS19initAccelEv
                0x00408100       0xa0 build/obj/lsm9ds1.o
                0x00408100                LSM9DS1::initAccel()
 .text._ZN7LSM9DS17initMagEv
                0x004081a0       0xb0 build/obj/lsm9ds1.o
                0x004081a0                LSM9DS1::initMag()
 .text._ZN7LSM9DS19readAccelEv
                0x00408250       0x70 build/obj/lsm9ds1.o
                0x00408250                LSM9DS1::readAccel()
 .text._ZN7LSM9DS17readMagEv
                0x004082c0       0x50 build/obj/lsm9ds1.o
                0x004082c0                LSM9DS1::readMag()
 .text._ZN7LSM9DS18readGyroEv
                0x00408310       0x70 build/obj/lsm9ds1.o
                0x00408310                LSM9DS1::readGyro()
 .text._ZN7LSM9DS18calcGyroEs
                0x00408380       0x20 build/obj/lsm9ds1.o
                0x00408380                LSM9DS1::calcGyro(short)
 .text._ZN7LSM9DS19calcAccelEs
                0x004083a0       0x20 build/obj/lsm9ds1.o
                0x004083a0                LSM9DS1::calcAccel(short)
 .text._ZN7LSM9DS17calcMagEs
                0x004083c0       0x20 build/obj/lsm9ds1.o
                0x004083c0                LSM9DS1::calcMag(short)
 .text._ZN7LSM9DS18calcmResEv
                0x004083e0       0x60 build/obj/lsm9ds1.o
                0x004083e0                LSM9DS1::calcmRes()
 .text._ZN7LSM9DS115constrainScalesEv
                0x00408440       0x50 build/obj/lsm9ds1.o
                0x00408440                LSM9DS1::constrainScales()
 .text._ZN7LSM9DS15beginEv
                0x00408490       0x80 build/obj/lsm9ds1.o
                0x00408490                LSM9DS1::begin()
 .text._ZN7creator9MPL3115A2C2EPNS_3I2CEh
                0x00408510       0x20 build/obj/mpl3115a2.o
                0x00408510                creator::MPL3115A2::MPL3115A2(creator::I2C*, unsigned char)
                0x00408510                creator::MPL3115A2::MPL3115A2(creator::I2C*, unsigned char)
 .text._ZN7creator9MPL3115A25BeginEv
                0x00408530       0x50 build/obj/mpl3115a2.o
                0x00408530                creator::MPL3115A2::Begin()
 .text._ZN7creator9MPL3115A211GetPressureEv
                0x00408580       0xa0 build/obj/mpl3115a2.o
                0x00408580                creator::MPL3115A2::GetPressure()
 .text._ZN7creator9MPL3115A211GetAltitudeEv
                0x00408620       0xa0 build/obj/mpl3115a2.o
                0x00408620                creator::MPL3115A2::GetAltitude()
 .text._ZN7creator9MPL3115A214GetTemperatureEv
                0x004086c0       0x90 build/obj/mpl3115a2.o
                0x004086c0                creator::MPL3115A2::GetTemperature()
 .text._ZN7creator8VEML6070C2EPNS_3I2CE
                0x00408750       0x10 build/obj/veml6070.o
                0x00408750                creator::VEML6070::VEML6070(creator::I2C*)
                0x00408750                creator::VEML6070::VEML6070(creator::I2C*)
 .text._ZN7creator8VEML60705BeginEv
                0x00408760       0x20 build/obj/veml6070.o
                0x00408760                creator::VEML6070::Begin()
 .text._ZN7creator8VEML60705GetUVEv
                0x00408780       0x30 build/obj/veml6070.o
                0x00408780                creator::VEML6070::GetUV()
 .text._ZL9EnvThreadPv
                0x004087b0      0x120 build/obj/main.o
 .text._ZL9IMUThreadPv
                0x004088d0      0x1b0 build/obj/main.o
 *(.rodata)
 .rodata        0x00408a80       0x40 /home/santi/arm-2013.11/bin/../lib/gcc/arm-none-eabi/4.8.1/../../../../arm-none-eabi/lib/thumb2/libm.a(lib_a-s_atan.o)
 .rodata        0x00408ac0        0x4 /home/santi/arm-2013.11/bin/../lib/gcc/arm-none-eabi/4.8.1/../../../../arm-none-eabi/lib/thumb2/libc.a(lib_a-impure.o)
                0x00408ac0                _global_impure_ptr
 *fill*         0x00408ac4        0xc 
 .rodata        0x00408ad0       0x20 /home/santi/arm-2013.11/bin/../lib/gcc/arm-none-eabi/4.8.1/../../../../arm-none-eabi/lib/thumb2/libc.a(lib_a-vfiprintf.o)
 .rodata        0x00408af0       0x60 /home/santi/arm-2013.11/bin/../lib/gcc/arm-none-eabi/4.8.1/../../../../arm-none-eabi/lib/thumb2/libc.a(lib_a-findfp.o)
                0x00408af0                __sf_fake_stderr
                0x00408b10                __sf_fake_stdout
                0x00408b30                __sf_fake_stdin
 *(.rodata.*)
 .rodata.str1.4
                0x00408b50        0xd build/obj/chsys.o
                                 0x10 (size before relaxing)
 *fill*         0x00408b5d        0x3 
 .rodata.vmt    0x00408b60       0x24 build/obj/serial.o
 *fill*         0x00408b84        0xc 
 .rodata.str1.4
                0x00408b90       0x42 build/obj/pmc.o
                                 0x44 (size before relaxing)
 *fill*         0x00408bd2        0xe 
 .rodata.__func__.4754
                0x00408be0       0x18 build/obj/pmc.o
 *fill*         0x00408bf8        0x8 
 .rodata.__func__.4821
                0x00408c00        0xc build/obj/atmel_twi.o
 *fill*         0x00408c0c        0x4 
 .rodata.__func__.4877
                0x00408c10       0x18 build/obj/atmel_twi.o
 *fill*         0x00408c28        0x8 
 .rodata.__func__.4832
                0x00408c30       0x10 build/obj/atmel_twi.o
 .rodata.__func__.4828
                0x00408c40       0x10 build/obj/atmel_twi.o
 .rodata.__func__.4837
                0x00408c50       0x10 build/obj/atmel_twi.o
 .rodata.__func__.4845
                0x00408c60       0x10 build/obj/atmel_twi.o
 .rodata.str1.4
                0x00408c70       0xf0 build/obj/atmel_twi.o
 .rodata.__func__.4802
                0x00408d60       0x14 build/obj/atmel_twi.o
 *fill*         0x00408d74        0xc 
 .rodata.__func__.4859
                0x00408d80       0x10 build/obj/atmel_twi.o
 .rodata.__func__.4879
                0x00408d90        0xc build/obj/atmel_twid.o
 *fill*         0x00408d9c        0x4 
 .rodata.str1.4
                0x00408da0       0x3f build/obj/atmel_twid.o
                                 0x84 (size before relaxing)
 *fill*         0x00408ddf        0x1 
 .rodata.__func__.4857
                0x00408de0        0xc build/obj/atmel_twid.o
 *fill*         0x00408dec        0x4 
 .rodata.pal_default_config
                0x00408df0       0x24 build/obj/board.o
                0x00408df0                pal_default_config
 *fill*         0x00408e14        0xc 
 .rodata._ZN7creatorL4pinsE
                0x00408e20       0x18 build/obj/i2c.o
 *fill*         0x00408e38        0x8 
 .rodata.CSWTCH.42
                0x00408e40        0xc build/obj/lsm9ds1.o
 *fill*         0x00408e4c        0x4 
 .rodata._ZL8pinPsram
                0x00408e50       0x3c build/obj/main.o
 *fill*         0x00408e8c        0x4 
 .rodata.str1.4
                0x00408e90        0x5 /home/santi/arm-2013.11/bin/../lib/gcc/arm-none-eabi/4.8.1/../../../../arm-none-eabi/lib/thumb2/libm.a(lib_a-w_sqrt.o)
                                  0x8 (size before relaxing)
 *fill*         0x00408e95        0xb 
 .rodata.str1.4
                0x00408ea0       0x3f /home/santi/arm-2013.11/bin/../lib/gcc/arm-none-eabi/4.8.1/../../../../arm-none-eabi/lib/thumb2/libc.a(lib_a-assert.o)
                                 0x44 (size before relaxing)
 *fill*         0x00408edf        0x1 
 .rodata.str1.4
                0x00408ee0        0x2 /home/santi/arm-2013.11/bin/../lib/gcc/arm-none-eabi/4.8.1/../../../../arm-none-eabi/lib/thumb2/libc.a(lib_a-impure.o)
                                  0x4 (size before relaxing)
 *fill*         0x00408ee2        0xe 
 .rodata.str1.4
                0x00408ef0       0x2f /home/santi/arm-2013.11/bin/../lib/gcc/arm-none-eabi/4.8.1/../../../../arm-none-eabi/lib/thumb2/libc.a(lib_a-vfiprintf.o)
                                 0x30 (size before relaxing)
 *fill*         0x00408f1f        0x1 
 .rodata.str1.4
                0x00408f20        0xc /home/santi/arm-2013.11/bin/../lib/gcc/arm-none-eabi/4.8.1/../../../../arm-none-eabi/lib/thumb2/libc.a(lib_a-locale.o)
                                 0x14 (size before relaxing)
 *(.glue_7t)
 .glue_7t       0x00000000        0x0 linker stubs
 *(.glue_7)
 .glue_7        0x00000000        0x0 linker stubs
 *(.gcc*)

.vfp11_veneer   0x00408f2c        0x0
 .vfp11_veneer  0x00000000        0x0 linker stubs

.v4_bx          0x00408f2c        0x0
 .v4_bx         0x00000000        0x0 linker stubs

.iplt           0x00408f2c        0x0
 .iplt          0x00000000        0x0 build/obj/crt0.o

.ARM.extab      0x00408f2c       0x30
 *(.ARM.extab* .gnu.linkonce.armextab.*)
 .ARM.extab.text._ZN7creator8VEML60705BeginEv
                0x00408f2c        0xc build/obj/veml6070.o
 .ARM.extab     0x00408f38        0xc /home/santi/arm-2013.11/bin/../lib/gcc/arm-none-eabi/4.8.1/thumb2/libgcc.a(unwind-arm.o)
 .ARM.extab     0x00408f44       0x18 /home/santi/arm-2013.11/bin/../lib/gcc/arm-none-eabi/4.8.1/thumb2/libgcc.a(pr-support.o)

.ARM.exidx      0x00408f5c      0x188
                0x00408f5c                PROVIDE (__exidx_start, .)
 *(.ARM.exidx* .gnu.linkonce.armexidx.*)
 .ARM.exidx.text._ZN7creator3I2C4InitEv
                0x0040902c        0x8 build/obj/i2c.o
 .ARM.exidx.text._ZN7creator3I2C9WriteByteEhhh
                0x00409034        0x8 build/obj/i2c.o
 .ARM.exidx.text._ZN7creator3I2C9WriteByteEhh
                0x0040903c        0x0 build/obj/i2c.o
                                  0x8 (size before relaxing)
 .ARM.exidx.text._ZN7creator3I2C8ReadByteEhh
                0x0040903c        0x8 build/obj/i2c.o
 .ARM.exidx.text._ZN7creator3I2C8ReadByteEh
                0x00409044        0x0 build/obj/i2c.o
                                  0x8 (size before relaxing)
 .ARM.exidx.text._ZN7creator3I2C9ReadBytesEhhPhh
                0x00409044        0x8 build/obj/i2c.o
 .ARM.exidx.text._ZN7creator6HTS221C2EPNS_3I2CEh
                0x0040904c        0x8 build/obj/hts221.o
 .ARM.exidx.text._ZN7creator6HTS2215BeginEv
                0x00409054        0x8 build/obj/hts221.o
 .ARM.exidx.text._ZN7creator6HTS2217GetDataERfS1_
                0x0040905c        0x8 build/obj/hts221.o
 .ARM.exidx.text._ZN7LSM9DS14initE14interface_modehh
                0x00409064        0x8 build/obj/lsm9ds1.o
 .ARM.exidx.text._ZN7LSM9DS1C2EPN7creator3I2CE14interface_modehh
                0x0040906c        0x0 build/obj/lsm9ds1.o
                                  0x8 (size before relaxing)
 .ARM.exidx.text._ZN7LSM9DS18initGyroEv
                0x0040906c        0x8 build/obj/lsm9ds1.o
 .ARM.exidx.text._ZN7LSM9DS19initAccelEv
                0x00409074        0x0 build/obj/lsm9ds1.o
                                  0x8 (size before relaxing)
 .ARM.exidx.text._ZN7LSM9DS17initMagEv
                0x00409074        0x0 build/obj/lsm9ds1.o
                                  0x8 (size before relaxing)
 .ARM.exidx.text._ZN7LSM9DS19readAccelEv
                0x00409074        0x8 build/obj/lsm9ds1.o
 .ARM.exidx.text._ZN7LSM9DS17readMagEv
                0x0040907c        0x8 build/obj/lsm9ds1.o
 .ARM.exidx.text._ZN7LSM9DS18readGyroEv
                0x00409084        0x8 build/obj/lsm9ds1.o
 .ARM.exidx.text._ZN7LSM9DS18calcGyroEs
                0x0040908c        0x8 build/obj/lsm9ds1.o
 .ARM.exidx.text._ZN7LSM9DS19calcAccelEs
                0x00409094        0x0 build/obj/lsm9ds1.o
                                  0x8 (size before relaxing)
 .ARM.exidx.text._ZN7LSM9DS17calcMagEs
                0x00409094        0x0 build/obj/lsm9ds1.o
                                  0x8 (size before relaxing)
 .ARM.exidx.text._ZN7LSM9DS18calcmResEv
                0x00409094        0x0 build/obj/lsm9ds1.o
                                  0x8 (size before relaxing)
 .ARM.exidx.text._ZN7LSM9DS115constrainScalesEv
                0x00409094        0x0 build/obj/lsm9ds1.o
                                  0x8 (size before relaxing)
 .ARM.exidx.text._ZN7LSM9DS15beginEv
                0x00409094        0x8 build/obj/lsm9ds1.o
 .ARM.exidx.text._ZN7creator9MPL3115A2C2EPNS_3I2CEh
                0x0040909c        0x8 build/obj/mpl3115a2.o
 .ARM.exidx.text._ZN7creator9MPL3115A25BeginEv
                0x004090a4        0x8 build/obj/mpl3115a2.o
 .ARM.exidx.text._ZN7creator9MPL3115A211GetPressureEv
                0x004090ac        0x8 build/obj/mpl3115a2.o
 .ARM.exidx.text._ZN7creator9MPL3115A211GetAltitudeEv
                0x004090b4        0x0 build/obj/mpl3115a2.o
                                  0x8 (size before relaxing)
 .ARM.exidx.text._ZN7creator9MPL3115A214GetTemperatureEv
                0x004090b4        0x0 build/obj/mpl3115a2.o
                                  0x8 (size before relaxing)
 .ARM.exidx.text._ZN7creator8VEML6070C2EPNS_3I2CE
                0x004090b4        0x8 build/obj/veml6070.o
 .ARM.exidx.text._ZN7creator8VEML60705BeginEv
                0x004090bc        0x8 build/obj/veml6070.o
 .ARM.exidx.text._ZN7creator8VEML60705GetUVEv
                0x004090c4        0x8 build/obj/veml6070.o
 .ARM.exidx.text._ZL9EnvThreadPv
                0x004090cc        0x8 build/obj/main.o
 .ARM.exidx.text._ZL9IMUThreadPv
                0x004090d4       0x10 build/obj/main.o
                                  0x8 (size before relaxing)
 .ARM.exidx.text.startup.main
                0x00408f5c       0x10 build/obj/main.o
                                  0x8 (size before relaxing)
 .ARM.exidx     0x00408f6c       0x88 /home/santi/arm-2013.11/bin/../lib/gcc/arm-none-eabi/4.8.1/thumb2/libgcc.a(unwind-arm.o)
                                 0xd8 (size before relaxing)
 .ARM.exidx     0x00408ff4       0x38 /home/santi/arm-2013.11/bin/../lib/gcc/arm-none-eabi/4.8.1/thumb2/libgcc.a(pr-support.o)
                                 0x48 (size before relaxing)
 .ARM.exidx     0x0040902c        0x0 /home/santi/arm-2013.11/bin/../lib/gcc/arm-none-eabi/4.8.1/thumb2/libgcc.a(_divdi3.o)
                                  0x8 (size before relaxing)
 .ARM.exidx     0x0040902c        0x0 /home/santi/arm-2013.11/bin/../lib/gcc/arm-none-eabi/4.8.1/thumb2/libgcc.a(_udivdi3.o)
                                  0x8 (size before relaxing)
                0x004090e4                PROVIDE (__exidx_end, .)

.rel.dyn        0x004090e4        0x0
 .rel.iplt      0x00000000        0x0 build/obj/crt0.o

.eh_frame_hdr
 *(.eh_frame_hdr)

.eh_frame
 *(.eh_frame)

.textalign      0x004090e4        0x4
                0x004090e8                . = ALIGN (0x8)
 *fill*         0x004090e4        0x4 
                0x004090e8                _etext = .
                0x004090e8                _textdata = _etext

.stacks         0x20000000      0x800
                0x20000000                . = ALIGN (0x8)
                0x20000000                __main_stack_base__ = .
                0x20000400                . = (. + __main_stack_size__)
 *fill*         0x20000000      0x400 
                0x20000400                . = ALIGN (0x8)
                0x20000400                __main_stack_end__ = .
                0x20000400                __process_stack_base__ = .
                0x20000400                __main_thread_stack_base__ = .
                0x20000800                . = (. + __process_stack_size__)
 *fill*         0x20000400      0x400 
                0x20000800                . = ALIGN (0x8)
                0x20000800                __process_stack_end__ = .
                0x20000800                __main_thread_stack_end__ = .

.data           0x20000800      0x59c load address 0x004090e8
                0x20000800                . = ALIGN (0x4)
                0x20000800                PROVIDE (_data, .)
 *(.data)
 .data          0x20000800        0x1 /home/santi/arm-2013.11/bin/../lib/gcc/arm-none-eabi/4.8.1/../../../../arm-none-eabi/lib/thumb2/libm.a(lib_a-s_lib_ver.o)
                0x20000800                __fdlib_version
 *fill*         0x20000801        0x3 
 .data          0x20000804       0xf4 /home/santi/arm-2013.11/bin/../lib/gcc/arm-none-eabi/4.8.1/../../../../arm-none-eabi/lib/thumb2/libc.a(lib_a-impure.o)
                0x20000804                _impure_ptr
 .data          0x200008f8       0x7c /home/santi/arm-2013.11/bin/../lib/gcc/arm-none-eabi/4.8.1/../../../../arm-none-eabi/lib/thumb2/libc.a(lib_a-locale.o)
                0x20000918                __mb_cur_max
 .data          0x20000974      0x410 /home/santi/arm-2013.11/bin/../lib/gcc/arm-none-eabi/4.8.1/../../../../arm-none-eabi/lib/thumb2/libc.a(lib_a-mallocr.o)
                0x20000974                __malloc_av_
                0x20000d7c                __malloc_sbrk_base
                0x20000d80                __malloc_trim_threshold
 .data          0x20000d84        0x4 /home/santi/arm-2013.11/bin/../lib/gcc/arm-none-eabi/4.8.1/../../../../arm-none-eabi/lib/thumb2/libc.a(lib_a-wctomb_r.o)
                0x20000d84                __wctomb
                0x20000d88                . = ALIGN (0x4)
 *(.data.*)
 .data.SystemCoreClock
                0x20000d88        0x4 build/obj/system_SAM3.o
                0x20000d88                SystemCoreClock
 .data.magSensitivity
                0x20000d8c       0x10 build/obj/lsm9ds1.o
                0x20000d8c                magSensitivity
                0x20000d9c                . = ALIGN (0x4)
 *(.ramtext)
                0x20000d9c                . = ALIGN (0x4)
                0x20000d9c                PROVIDE (_edata, .)

.igot.plt       0x20000d9c        0x0 load address 0x00409684
 .igot.plt      0x00000000        0x0 build/obj/crt0.o

.bss            0x20000da0      0x6ec load address 0x00409684
                0x20000da0                . = ALIGN (0x4)
                0x20000da0                PROVIDE (_bss_start, .)
 *(.bss)
 .bss           0x20000da0       0x34 /home/santi/arm-2013.11/bin/../lib/gcc/arm-none-eabi/4.8.1/../../../../arm-none-eabi/lib/thumb2/libc.a(lib_a-mallocr.o)
                0x20000da0                __malloc_top_pad
                0x20000da4                __malloc_current_mallinfo
                0x20000dcc                __malloc_max_sbrked_mem
                0x20000dd0                __malloc_max_total_mem
                0x20000dd4                . = ALIGN (0x4)
 *(.bss.*)
 .bss.mainthread.4799
                0x20000dd4       0x48 build/obj/chsys.o
 *fill*         0x20000e1c        0x4 
 .bss._idle_thread_wa
                0x20000e20       0xc0 build/obj/chsys.o
                0x20000e20                _idle_thread_wa
 .bss.vtlist    0x20000ee0       0x10 build/obj/chvt.o
                0x20000ee0                vtlist
 .bss.rlist     0x20000ef0       0x20 build/obj/chschd.o
                0x20000ef0                rlist
 .bss.endmem    0x20000f10        0x4 build/obj/chmemcore.o
 .bss.nextmem   0x20000f14        0x4 build/obj/chmemcore.o
 .bss.default_heap
                0x20000f18       0x20 build/obj/chheap.o
 .bss.SD1       0x20000f38       0x74 build/obj/serial_lld.o
                0x20000f38                SD1
 .bss.SD2       0x20000fac       0x74 build/obj/serial_lld.o
                0x20000fac                SD2
 .bss._ZL11waEnvThread
                0x20001020      0x1b0 build/obj/main.o
 .bss.i2c       0x200011d0        0x8 build/obj/main.o
                0x200011d0                i2c
 .bss._ZL11waIMUThread
                0x200011d8      0x2b0 build/obj/main.o
                0x20001488                . = ALIGN (0x4)
 *(COMMON)
 COMMON         0x20001488        0x4 /home/santi/arm-2013.11/bin/../lib/gcc/arm-none-eabi/4.8.1/../../../../arm-none-eabi/lib/thumb2/libc.a(lib_a-reent.o)
                0x20001488                errno
                0x2000148c                . = ALIGN (0x4)
                0x2000148c                PROVIDE (_bss_end, .)
                0x2000148c                PROVIDE (end, .)
                0x2000148c                _end = .
                0x2000148c                __heap_base__ = _end
                0x20008000                __heap_end__ = __ram_end__
OUTPUT(build/ch.elf elf32-littlearm)

.debug_info     0x00000000    0x154b1
 .debug_info    0x00000000      0x2e8 build/obj/crt0.o
 .debug_info    0x000002e8       0xb3 build/obj/vectors.o
 .debug_info    0x0000039b      0x7cc build/obj/chcore_v7m.o
 .debug_info    0x00000b67      0x3f4 build/obj/nvic.o
 .debug_info    0x00000f5b      0x693 build/obj/chsys.o
 .debug_info    0x000015ee      0x24a build/obj/chvt.o
 .debug_info    0x00001838      0x85b build/obj/chschd.o
 .debug_info    0x00002093      0xbb8 build/obj/chthreads.o
 .debug_info    0x00002c4b      0x9a9 build/obj/chmtx.o
 .debug_info    0x000035f4      0xc93 build/obj/chevents.o
 .debug_info    0x00004287      0xb6f build/obj/chqueues.o
 .debug_info    0x00004df6      0x202 build/obj/chmemcore.o
 .debug_info    0x00004ff8      0x6af build/obj/chheap.o
 .debug_info    0x000056a7      0x17d build/obj/hal.o
 .debug_info    0x00005824     0x10c8 build/obj/serial.o
 .debug_info    0x000068ec      0x16c build/obj/hal_lld.o
 .debug_info    0x00006a58      0x423 build/obj/system_SAM3.o
 .debug_info    0x00006e7b      0x881 build/obj/pal_lld.o
 .debug_info    0x000076fc     0x1568 build/obj/serial_lld.o
 .debug_info    0x00008c64      0x9d7 build/obj/pio.o
 .debug_info    0x0000963b      0x59c build/obj/pmc.o
 .debug_info    0x00009bd7      0xb39 build/obj/atmel_twi.o
 .debug_info    0x0000a710      0x9e5 build/obj/atmel_twid.o
 .debug_info    0x0000b0f5      0x217 build/obj/atmel_psram.o
 .debug_info    0x0000b30c      0x1cc build/obj/wdt.o
 .debug_info    0x0000b4d8      0x6d5 build/obj/board.o
 .debug_info    0x0000bbad      0xc03 build/obj/syscalls.o
 .debug_info    0x0000c7b0     0x102b build/obj/i2c.o
 .debug_info    0x0000d7db      0xb2a build/obj/hts221.o
 .debug_info    0x0000e305     0x3569 build/obj/lsm9ds1.o
 .debug_info    0x0001186e      0xe5c build/obj/mpl3115a2.o
 .debug_info    0x000126ca      0x603 build/obj/veml6070.o
 .debug_info    0x00012ccd     0x27e4 build/obj/main.o

.debug_abbrev   0x00000000     0x4681
 .debug_abbrev  0x00000000      0x131 build/obj/crt0.o
 .debug_abbrev  0x00000131       0x75 build/obj/vectors.o
 .debug_abbrev  0x000001a6      0x1e2 build/obj/chcore_v7m.o
 .debug_abbrev  0x00000388      0x10e build/obj/nvic.o
 .debug_abbrev  0x00000496      0x211 build/obj/chsys.o
 .debug_abbrev  0x000006a7      0x142 build/obj/chvt.o
 .debug_abbrev  0x000007e9      0x319 build/obj/chschd.o
 .debug_abbrev  0x00000b02      0x344 build/obj/chthreads.o
 .debug_abbrev  0x00000e46      0x2f1 build/obj/chmtx.o
 .debug_abbrev  0x00001137      0x2cb build/obj/chevents.o
 .debug_abbrev  0x00001402      0x31d build/obj/chqueues.o
 .debug_abbrev  0x0000171f      0x15b build/obj/chmemcore.o
 .debug_abbrev  0x0000187a      0x1e7 build/obj/chheap.o
 .debug_abbrev  0x00001a61      0x10a build/obj/hal.o
 .debug_abbrev  0x00001b6b      0x2c0 build/obj/serial.o
 .debug_abbrev  0x00001e2b      0x114 build/obj/hal_lld.o
 .debug_abbrev  0x00001f3f       0xe3 build/obj/system_SAM3.o
 .debug_abbrev  0x00002022      0x11b build/obj/pal_lld.o
 .debug_abbrev  0x0000213d      0x3c2 build/obj/serial_lld.o
 .debug_abbrev  0x000024ff      0x1f4 build/obj/pio.o
 .debug_abbrev  0x000026f3      0x151 build/obj/pmc.o
 .debug_abbrev  0x00002844      0x205 build/obj/atmel_twi.o
 .debug_abbrev  0x00002a49      0x22c build/obj/atmel_twid.o
 .debug_abbrev  0x00002c75      0x10e build/obj/atmel_psram.o
 .debug_abbrev  0x00002d83       0xdc build/obj/wdt.o
 .debug_abbrev  0x00002e5f      0x15d build/obj/board.o
 .debug_abbrev  0x00002fbc      0x204 build/obj/syscalls.o
 .debug_abbrev  0x000031c0      0x255 build/obj/i2c.o
 .debug_abbrev  0x00003415      0x303 build/obj/hts221.o
 .debug_abbrev  0x00003718      0x49b build/obj/lsm9ds1.o
 .debug_abbrev  0x00003bb3      0x337 build/obj/mpl3115a2.o
 .debug_abbrev  0x00003eea      0x27b build/obj/veml6070.o
 .debug_abbrev  0x00004165      0x51c build/obj/main.o

.debug_loc      0x00000000     0x71b5
 .debug_loc     0x00000000       0xe2 build/obj/crt0.o
 .debug_loc     0x000000e2       0x5a build/obj/chcore_v7m.o
 .debug_loc     0x0000013c      0x169 build/obj/nvic.o
 .debug_loc     0x000002a5       0x31 build/obj/chsys.o
 .debug_loc     0x000002d6       0xa1 build/obj/chvt.o
 .debug_loc     0x00000377      0x26b build/obj/chschd.o
 .debug_loc     0x000005e2      0x32c build/obj/chthreads.o
 .debug_loc     0x0000090e      0x38b build/obj/chmtx.o
 .debug_loc     0x00000c99      0x47c build/obj/chevents.o
 .debug_loc     0x00001115      0x61d build/obj/chqueues.o
 .debug_loc     0x00001732       0xaa build/obj/chmemcore.o
 .debug_loc     0x000017dc      0x3ae build/obj/chheap.o
 .debug_loc     0x00001b8a      0x4e0 build/obj/serial.o
 .debug_loc     0x0000206a       0x42 build/obj/pal_lld.o
 .debug_loc     0x000020ac      0x312 build/obj/serial_lld.o
 .debug_loc     0x000023be      0x385 build/obj/pio.o
 .debug_loc     0x00002743      0x3ee build/obj/pmc.o
 .debug_loc     0x00002b31      0x83d build/obj/atmel_twi.o
 .debug_loc     0x0000336e      0x8d4 build/obj/atmel_twid.o
 .debug_loc     0x00003c42       0x42 build/obj/atmel_psram.o
 .debug_loc     0x00003c84       0x4f build/obj/wdt.o
 .debug_loc     0x00003cd3      0x1a4 build/obj/syscalls.o
 .debug_loc     0x00003e77      0x246 build/obj/i2c.o
 .debug_loc     0x000040bd      0x26e build/obj/hts221.o
 .debug_loc     0x0000432b     0x28ed build/obj/lsm9ds1.o
 .debug_loc     0x00006c18      0x411 build/obj/mpl3115a2.o
 .debug_loc     0x00007029       0x4a build/obj/veml6070.o
 .debug_loc     0x00007073      0x142 build/obj/main.o

.debug_aranges  0x00000000      0xae0
 .debug_aranges
                0x00000000       0x38 build/obj/crt0.o
 .debug_aranges
                0x00000038       0x20 build/obj/vectors.o
 .debug_aranges
                0x00000058       0x50 build/obj/chcore_v7m.o
 .debug_aranges
                0x000000a8       0x30 build/obj/nvic.o
 .debug_aranges
                0x000000d8       0x30 build/obj/chsys.o
 .debug_aranges
                0x00000108       0x38 build/obj/chvt.o
 .debug_aranges
                0x00000140       0x58 build/obj/chschd.o
 .debug_aranges
                0x00000198       0x78 build/obj/chthreads.o
 .debug_aranges
                0x00000210       0x58 build/obj/chmtx.o
 .debug_aranges
                0x00000268       0x90 build/obj/chevents.o
 .debug_aranges
                0x000002f8       0x70 build/obj/chqueues.o
 .debug_aranges
                0x00000368       0x38 build/obj/chmemcore.o
 .debug_aranges
                0x000003a0       0x40 build/obj/chheap.o
 .debug_aranges
                0x000003e0       0x20 build/obj/hal.o
 .debug_aranges
                0x00000400       0x90 build/obj/serial.o
 .debug_aranges
                0x00000490       0x28 build/obj/hal_lld.o
 .debug_aranges
                0x000004b8       0x28 build/obj/system_SAM3.o
 .debug_aranges
                0x000004e0       0x28 build/obj/pal_lld.o
 .debug_aranges
                0x00000508       0x58 build/obj/serial_lld.o
 .debug_aranges
                0x00000560       0x48 build/obj/pio.o
 .debug_aranges
                0x000005a8       0x60 build/obj/pmc.o
 .debug_aranges
                0x00000608       0x90 build/obj/atmel_twi.o
 .debug_aranges
                0x00000698       0x38 build/obj/atmel_twid.o
 .debug_aranges
                0x000006d0       0x20 build/obj/atmel_psram.o
 .debug_aranges
                0x000006f0       0x40 build/obj/wdt.o
 .debug_aranges
                0x00000730       0x28 build/obj/board.o
 .debug_aranges
                0x00000758       0x68 build/obj/syscalls.o
 .debug_aranges
                0x000007c0       0x48 build/obj/i2c.o
 .debug_aranges
                0x00000808       0x48 build/obj/hts221.o
 .debug_aranges
                0x00000850      0x1d8 build/obj/lsm9ds1.o
 .debug_aranges
                0x00000a28       0x50 build/obj/mpl3115a2.o
 .debug_aranges
                0x00000a78       0x30 build/obj/veml6070.o
 .debug_aranges
                0x00000aa8       0x38 build/obj/main.o

.debug_ranges   0x00000000     0x1670
 .debug_ranges  0x00000000       0x28 build/obj/crt0.o
 .debug_ranges  0x00000028       0x10 build/obj/vectors.o
 .debug_ranges  0x00000038       0x58 build/obj/chcore_v7m.o
 .debug_ranges  0x00000090       0x20 build/obj/nvic.o
 .debug_ranges  0x000000b0       0x38 build/obj/chsys.o
 .debug_ranges  0x000000e8       0x28 build/obj/chvt.o
 .debug_ranges  0x00000110      0x108 build/obj/chschd.o
 .debug_ranges  0x00000218      0x148 build/obj/chthreads.o
 .debug_ranges  0x00000360      0x170 build/obj/chmtx.o
 .debug_ranges  0x000004d0      0x110 build/obj/chevents.o
 .debug_ranges  0x000005e0       0xb8 build/obj/chqueues.o
 .debug_ranges  0x00000698       0x28 build/obj/chmemcore.o
 .debug_ranges  0x000006c0       0x30 build/obj/chheap.o
 .debug_ranges  0x000006f0       0x10 build/obj/hal.o
 .debug_ranges  0x00000700       0xc8 build/obj/serial.o
 .debug_ranges  0x000007c8       0x18 build/obj/hal_lld.o
 .debug_ranges  0x000007e0       0x18 build/obj/system_SAM3.o
 .debug_ranges  0x000007f8       0x18 build/obj/pal_lld.o
 .debug_ranges  0x00000810       0x60 build/obj/serial_lld.o
 .debug_ranges  0x00000870       0x80 build/obj/pio.o
 .debug_ranges  0x000008f0       0x50 build/obj/pmc.o
 .debug_ranges  0x00000940       0x80 build/obj/atmel_twi.o
 .debug_ranges  0x000009c0       0x28 build/obj/atmel_twid.o
 .debug_ranges  0x000009e8       0x10 build/obj/atmel_psram.o
 .debug_ranges  0x000009f8       0x30 build/obj/wdt.o
 .debug_ranges  0x00000a28       0x18 build/obj/board.o
 .debug_ranges  0x00000a40       0x58 build/obj/syscalls.o
 .debug_ranges  0x00000a98       0xb0 build/obj/i2c.o
 .debug_ranges  0x00000b48      0x168 build/obj/hts221.o
 .debug_ranges  0x00000cb0      0x860 build/obj/lsm9ds1.o
 .debug_ranges  0x00001510       0x88 build/obj/mpl3115a2.o
 .debug_ranges  0x00001598       0x38 build/obj/veml6070.o
 .debug_ranges  0x000015d0       0xa0 build/obj/main.o

.debug_line     0x00000000     0x4bee
 .debug_line    0x00000000       0xf4 build/obj/crt0.o
 .debug_line    0x000000f4       0x70 build/obj/vectors.o
 .debug_line    0x00000164      0x1fa build/obj/chcore_v7m.o
 .debug_line    0x0000035e       0xe2 build/obj/nvic.o
 .debug_line    0x00000440      0x1f1 build/obj/chsys.o
 .debug_line    0x00000631      0x168 build/obj/chvt.o
 .debug_line    0x00000799      0x2e9 build/obj/chschd.o
 .debug_line    0x00000a82      0x383 build/obj/chthreads.o
 .debug_line    0x00000e05      0x338 build/obj/chmtx.o
 .debug_line    0x0000113d      0x2e6 build/obj/chevents.o
 .debug_line    0x00001423      0x384 build/obj/chqueues.o
 .debug_line    0x000017a7      0x131 build/obj/chmemcore.o
 .debug_line    0x000018d8      0x26f build/obj/chheap.o
 .debug_line    0x00001b47      0x164 build/obj/hal.o
 .debug_line    0x00001cab      0x389 build/obj/serial.o
 .debug_line    0x00002034      0x117 build/obj/hal_lld.o
 .debug_line    0x0000214b      0x182 build/obj/system_SAM3.o
 .debug_line    0x000022cd      0x185 build/obj/pal_lld.o
 .debug_line    0x00002452      0x3d1 build/obj/serial_lld.o
 .debug_line    0x00002823      0x1d7 build/obj/pio.o
 .debug_line    0x000029fa      0x259 build/obj/pmc.o
 .debug_line    0x00002c53      0x282 build/obj/atmel_twi.o
 .debug_line    0x00002ed5      0x232 build/obj/atmel_twid.o
 .debug_line    0x00003107      0x121 build/obj/atmel_psram.o
 .debug_line    0x00003228      0x13e build/obj/wdt.o
 .debug_line    0x00003366      0x15e build/obj/board.o
 .debug_line    0x000034c4      0x1ed build/obj/syscalls.o
 .debug_line    0x000036b1      0x1b2 build/obj/i2c.o
 .debug_line    0x00003863      0x1a5 build/obj/hts221.o
 .debug_line    0x00003a08      0xa4f build/obj/lsm9ds1.o
 .debug_line    0x00004457      0x2a4 build/obj/mpl3115a2.o
 .debug_line    0x000046fb      0x163 build/obj/veml6070.o
 .debug_line    0x0000485e      0x390 build/obj/main.o

.debug_str      0x00000000     0x3a03
 .debug_str     0x00000000      0x298 build/obj/crt0.o
                                0x2d7 (size before relaxing)
 .debug_str     0x00000298       0x5d build/obj/vectors.o
                                0x1cc (size before relaxing)
 .debug_str     0x000002f5      0x2d6 build/obj/chcore_v7m.o
                                0x47e (size before relaxing)
 .debug_str     0x000005cb       0xaf build/obj/nvic.o
                                0x2ac (size before relaxing)
 .debug_str     0x0000067a      0x11e build/obj/chsys.o
                                0x45e (size before relaxing)
 .debug_str     0x00000798       0x5d build/obj/chvt.o
                                0x251 (size before relaxing)
 .debug_str     0x000007f5       0xb7 build/obj/chschd.o
                                0x456 (size before relaxing)
 .debug_str     0x000008ac       0xe4 build/obj/chthreads.o
                                0x4f0 (size before relaxing)
 .debug_str     0x00000990       0x9b build/obj/chmtx.o
                                0x410 (size before relaxing)
 .debug_str     0x00000a2b      0x18a build/obj/chevents.o
                                0x4ee (size before relaxing)
 .debug_str     0x00000bb5      0x130 build/obj/chqueues.o
                                0x48f (size before relaxing)
 .debug_str     0x00000ce5       0x81 build/obj/chmemcore.o
                                0x218 (size before relaxing)
 .debug_str     0x00000d66       0xc4 build/obj/chheap.o
                                0x3e4 (size before relaxing)
 .debug_str     0x00000e2a       0xba build/obj/hal.o
                                0x232 (size before relaxing)
 .debug_str     0x00000ee4      0x27e build/obj/serial.o
                                0x6da (size before relaxing)
 .debug_str     0x00001162       0x9e build/obj/hal_lld.o
                                0x24d (size before relaxing)
 .debug_str     0x00001200      0x1e7 build/obj/system_SAM3.o
                                0x3b4 (size before relaxing)
 .debug_str     0x000013e7      0x2fd build/obj/pal_lld.o
                                0x62e (size before relaxing)
 .debug_str     0x000016e4      0x253 build/obj/serial_lld.o
                                0xc17 (size before relaxing)
 .debug_str     0x00001937      0x153 build/obj/pio.o
                                0x5bf (size before relaxing)
 .debug_str     0x00001a8a      0x13b build/obj/pmc.o
                                0x41f (size before relaxing)
 .debug_str     0x00001bc5      0x231 build/obj/atmel_twi.o
                                0x3f6 (size before relaxing)
 .debug_str     0x00001df6       0xcf build/obj/atmel_twid.o
                                0x432 (size before relaxing)
 .debug_str     0x00001ec5       0xc2 build/obj/atmel_psram.o
                                0x28a (size before relaxing)
 .debug_str     0x00001f87       0x88 build/obj/wdt.o
                                0x234 (size before relaxing)
 .debug_str     0x0000200f       0x3a build/obj/board.o
                                0x553 (size before relaxing)
 .debug_str     0x00002049      0x4d0 build/obj/syscalls.o
                                0x6bb (size before relaxing)
 .debug_str     0x00002519      0x189 build/obj/i2c.o
                                0x7b6 (size before relaxing)
 .debug_str     0x000026a2       0xff build/obj/hts221.o
                                0x4ac (size before relaxing)
 .debug_str     0x000027a1      0xd46 build/obj/lsm9ds1.o
                               0x117a (size before relaxing)
 .debug_str     0x000034e7      0x28f build/obj/mpl3115a2.o
                                0x66e (size before relaxing)
 .debug_str     0x00003776       0xcc build/obj/veml6070.o
                                0x486 (size before relaxing)
 .debug_str     0x00003842      0x1c1 build/obj/main.o
                               0x19a7 (size before relaxing)

.comment        0x00000000       0x30
 .comment       0x00000000       0x30 build/obj/crt0.o
                                 0x31 (size before relaxing)
 .comment       0x00000000       0x31 build/obj/vectors.o
 .comment       0x00000000       0x31 build/obj/chcore_v7m.o
 .comment       0x00000000       0x31 build/obj/nvic.o
 .comment       0x00000000       0x31 build/obj/chsys.o
 .comment       0x00000000       0x31 build/obj/chvt.o
 .comment       0x00000000       0x31 build/obj/chschd.o
 .comment       0x00000000       0x31 build/obj/chthreads.o
 .comment       0x00000000       0x31 build/obj/chmtx.o
 .comment       0x00000000       0x31 build/obj/chevents.o
 .comment       0x00000000       0x31 build/obj/chqueues.o
 .comment       0x00000000       0x31 build/obj/chmemcore.o
 .comment       0x00000000       0x31 build/obj/chheap.o
 .comment       0x00000000       0x31 build/obj/hal.o
 .comment       0x00000000       0x31 build/obj/serial.o
 .comment       0x00000000       0x31 build/obj/hal_lld.o
 .comment       0x00000000       0x31 build/obj/system_SAM3.o
 .comment       0x00000000       0x31 build/obj/pal_lld.o
 .comment       0x00000000       0x31 build/obj/serial_lld.o
 .comment       0x00000000       0x31 build/obj/pio.o
 .comment       0x00000000       0x31 build/obj/pmc.o
 .comment       0x00000000       0x31 build/obj/atmel_twi.o
 .comment       0x00000000       0x31 build/obj/atmel_twid.o
 .comment       0x00000000       0x31 build/obj/atmel_psram.o
 .comment       0x00000000       0x31 build/obj/wdt.o
 .comment       0x00000000       0x31 build/obj/board.o
 .comment       0x00000000       0x31 build/obj/syscalls.o
 .comment       0x00000000       0x31 build/obj/i2c.o
 .comment       0x00000000       0x31 build/obj/hts221.o
 .comment       0x00000000       0x31 build/obj/lsm9ds1.o
 .comment       0x00000000       0x31 build/obj/mpl3115a2.o
 .comment       0x00000000       0x31 build/obj/veml6070.o
 .comment       0x00000000       0x31 build/obj/main.o

.ARM.attributes
                0x00000000       0x31
 .ARM.attributes
                0x00000000       0x33 build/obj/crt0.o
 .ARM.attributes
                0x00000033       0x33 build/obj/vectors.o
 .ARM.attributes
                0x00000066       0x33 build/obj/chcore_v7m.o
 .ARM.attributes
                0x00000099       0x33 build/obj/nvic.o
 .ARM.attributes
                0x000000cc       0x33 build/obj/chsys.o
 .ARM.attributes
                0x000000ff       0x33 build/obj/chvt.o
 .ARM.attributes
                0x00000132       0x33 build/obj/chschd.o
 .ARM.attributes
                0x00000165       0x33 build/obj/chthreads.o
 .ARM.attributes
                0x00000198       0x33 build/obj/chmtx.o
 .ARM.attributes
                0x000001cb       0x33 build/obj/chevents.o
 .ARM.attributes
                0x000001fe       0x33 build/obj/chqueues.o
 .ARM.attributes
                0x00000231       0x33 build/obj/chmemcore.o
 .ARM.attributes
                0x00000264       0x33 build/obj/chheap.o
 .ARM.attributes
                0x00000297       0x33 build/obj/hal.o
 .ARM.attributes
                0x000002ca       0x33 build/obj/serial.o
 .ARM.attributes
                0x000002fd       0x33 build/obj/hal_lld.o
 .ARM.attributes
                0x00000330       0x33 build/obj/system_SAM3.o
 .ARM.attributes
                0x00000363       0x33 build/obj/pal_lld.o
 .ARM.attributes
                0x00000396       0x33 build/obj/serial_lld.o
 .ARM.attributes
                0x000003c9       0x33 build/obj/pio.o
 .ARM.attributes
                0x000003fc       0x33 build/obj/pmc.o
 .ARM.attributes
                0x0000042f       0x33 build/obj/atmel_twi.o
 .ARM.attributes
                0x00000462       0x33 build/obj/atmel_twid.o
 .ARM.attributes
                0x00000495       0x33 build/obj/atmel_psram.o
 .ARM.attributes
                0x000004c8       0x33 build/obj/wdt.o
 .ARM.attributes
                0x000004fb       0x33 build/obj/board.o
 .ARM.attributes
                0x0000052e       0x33 build/obj/syscalls.o
 .ARM.attributes
                0x00000561       0x33 build/obj/i2c.o
 .ARM.attributes
                0x00000594       0x33 build/obj/hts221.o
 .ARM.attributes
                0x000005c7       0x33 build/obj/lsm9ds1.o
 .ARM.attributes
                0x000005fa       0x33 build/obj/mpl3115a2.o
 .ARM.attributes
                0x0000062d       0x33 build/obj/veml6070.o
 .ARM.attributes
                0x00000660       0x33 build/obj/main.o
 .ARM.attributes
                0x00000693       0x29 /home/santi/arm-2013.11/bin/../lib/gcc/arm-none-eabi/4.8.1/../../../../arm-none-eabi/lib/thumb2/libm.a(lib_a-w_atan2.o)
 .ARM.attributes
                0x000006bc       0x29 /home/santi/arm-2013.11/bin/../lib/gcc/arm-none-eabi/4.8.1/../../../../arm-none-eabi/lib/thumb2/libm.a(lib_a-w_sqrt.o)
 .ARM.attributes
                0x000006e5       0x29 /home/santi/arm-2013.11/bin/../lib/gcc/arm-none-eabi/4.8.1/../../../../arm-none-eabi/lib/thumb2/libm.a(lib_a-e_atan2.o)
 .ARM.attributes
                0x0000070e       0x29 /home/santi/arm-2013.11/bin/../lib/gcc/arm-none-eabi/4.8.1/../../../../arm-none-eabi/lib/thumb2/libm.a(lib_a-e_sqrt.o)
 .ARM.attributes
                0x00000737       0x29 /home/santi/arm-2013.11/bin/../lib/gcc/arm-none-eabi/4.8.1/../../../../arm-none-eabi/lib/thumb2/libm.a(lib_a-s_atan.o)
 .ARM.attributes
                0x00000760       0x29 /home/santi/arm-2013.11/bin/../lib/gcc/arm-none-eabi/4.8.1/../../../../arm-none-eabi/lib/thumb2/libm.a(lib_a-s_fabs.o)
 .ARM.attributes
                0x00000789       0x29 /home/santi/arm-2013.11/bin/../lib/gcc/arm-none-eabi/4.8.1/../../../../arm-none-eabi/lib/thumb2/libm.a(lib_a-s_fpclassify.o)
 .ARM.attributes
                0x000007b2       0x29 /home/santi/arm-2013.11/bin/../lib/gcc/arm-none-eabi/4.8.1/../../../../arm-none-eabi/lib/thumb2/libm.a(lib_a-s_lib_ver.o)
 .ARM.attributes
                0x000007db       0x29 /home/santi/arm-2013.11/bin/../lib/gcc/arm-none-eabi/4.8.1/../../../../arm-none-eabi/lib/thumb2/libm.a(lib_a-s_matherr.o)
 .ARM.attributes
                0x00000804       0x19 /home/santi/arm-2013.11/bin/../lib/gcc/arm-none-eabi/4.8.1/thumb2/libgcc.a(_arm_addsubdf3.o)
 .ARM.attributes
                0x0000081d       0x19 /home/santi/arm-2013.11/bin/../lib/gcc/arm-none-eabi/4.8.1/thumb2/libgcc.a(_arm_muldivdf3.o)
 .ARM.attributes
                0x00000836       0x19 /home/santi/arm-2013.11/bin/../lib/gcc/arm-none-eabi/4.8.1/thumb2/libgcc.a(_arm_cmpdf2.o)
 .ARM.attributes
                0x0000084f       0x19 /home/santi/arm-2013.11/bin/../lib/gcc/arm-none-eabi/4.8.1/thumb2/libgcc.a(_arm_truncdfsf2.o)
 .ARM.attributes
                0x00000868       0x19 /home/santi/arm-2013.11/bin/../lib/gcc/arm-none-eabi/4.8.1/thumb2/libgcc.a(_arm_addsubsf3.o)
 .ARM.attributes
                0x00000881       0x19 /home/santi/arm-2013.11/bin/../lib/gcc/arm-none-eabi/4.8.1/thumb2/libgcc.a(_arm_muldivsf3.o)
 .ARM.attributes
                0x0000089a       0x29 /home/santi/arm-2013.11/bin/../lib/gcc/arm-none-eabi/4.8.1/../../../../arm-none-eabi/lib/thumb2/libc.a(lib_a-abort.o)
 .ARM.attributes
                0x000008c3       0x29 /home/santi/arm-2013.11/bin/../lib/gcc/arm-none-eabi/4.8.1/../../../../arm-none-eabi/lib/thumb2/libc.a(lib_a-assert.o)
 .ARM.attributes
                0x000008ec       0x29 /home/santi/arm-2013.11/bin/../lib/gcc/arm-none-eabi/4.8.1/../../../../arm-none-eabi/lib/thumb2/libc.a(lib_a-errno.o)
 .ARM.attributes
                0x00000915       0x29 /home/santi/arm-2013.11/bin/../lib/gcc/arm-none-eabi/4.8.1/../../../../arm-none-eabi/lib/thumb2/libc.a(lib_a-fiprintf.o)
 .ARM.attributes
                0x0000093e       0x29 /home/santi/arm-2013.11/bin/../lib/gcc/arm-none-eabi/4.8.1/../../../../arm-none-eabi/lib/thumb2/libc.a(lib_a-impure.o)
 .ARM.attributes
                0x00000967       0x29 /home/santi/arm-2013.11/bin/../lib/gcc/arm-none-eabi/4.8.1/../../../../arm-none-eabi/lib/thumb2/libc.a(lib_a-memcpy-stub.o)
 .ARM.attributes
                0x00000990       0x29 /home/santi/arm-2013.11/bin/../lib/gcc/arm-none-eabi/4.8.1/../../../../arm-none-eabi/lib/thumb2/libc.a(lib_a-memset.o)
 .ARM.attributes
                0x000009b9       0x29 /home/santi/arm-2013.11/bin/../lib/gcc/arm-none-eabi/4.8.1/../../../../arm-none-eabi/lib/thumb2/libc.a(lib_a-signal.o)
 .ARM.attributes
                0x000009e2       0x29 /home/santi/arm-2013.11/bin/../lib/gcc/arm-none-eabi/4.8.1/../../../../arm-none-eabi/lib/thumb2/libc.a(lib_a-signalr.o)
 .ARM.attributes
                0x00000a0b       0x29 /home/santi/arm-2013.11/bin/../lib/gcc/arm-none-eabi/4.8.1/../../../../arm-none-eabi/lib/thumb2/libc.a(lib_a-vfiprintf.o)
 .ARM.attributes
                0x00000a34       0x29 /home/santi/arm-2013.11/bin/../lib/gcc/arm-none-eabi/4.8.1/../../../../arm-none-eabi/lib/thumb2/libc.a(lib_a-wsetup.o)
 .ARM.attributes
                0x00000a5d       0x29 /home/santi/arm-2013.11/bin/../lib/gcc/arm-none-eabi/4.8.1/../../../../arm-none-eabi/lib/thumb2/libc.a(lib_a-fflush.o)
 .ARM.attributes
                0x00000a86       0x29 /home/santi/arm-2013.11/bin/../lib/gcc/arm-none-eabi/4.8.1/../../../../arm-none-eabi/lib/thumb2/libc.a(lib_a-findfp.o)
 .ARM.attributes
                0x00000aaf       0x29 /home/santi/arm-2013.11/bin/../lib/gcc/arm-none-eabi/4.8.1/../../../../arm-none-eabi/lib/thumb2/libc.a(lib_a-fputwc.o)
 .ARM.attributes
                0x00000ad8       0x29 /home/santi/arm-2013.11/bin/../lib/gcc/arm-none-eabi/4.8.1/../../../../arm-none-eabi/lib/thumb2/libc.a(lib_a-freer.o)
 .ARM.attributes
                0x00000b01       0x29 /home/santi/arm-2013.11/bin/../lib/gcc/arm-none-eabi/4.8.1/../../../../arm-none-eabi/lib/thumb2/libc.a(lib_a-fvwrite.o)
 .ARM.attributes
                0x00000b2a       0x29 /home/santi/arm-2013.11/bin/../lib/gcc/arm-none-eabi/4.8.1/../../../../arm-none-eabi/lib/thumb2/libc.a(lib_a-fwalk.o)
 .ARM.attributes
                0x00000b53       0x29 /home/santi/arm-2013.11/bin/../lib/gcc/arm-none-eabi/4.8.1/../../../../arm-none-eabi/lib/thumb2/libc.a(lib_a-locale.o)
 .ARM.attributes
                0x00000b7c       0x29 /home/santi/arm-2013.11/bin/../lib/gcc/arm-none-eabi/4.8.1/../../../../arm-none-eabi/lib/thumb2/libc.a(lib_a-makebuf.o)
 .ARM.attributes
                0x00000ba5       0x29 /home/santi/arm-2013.11/bin/../lib/gcc/arm-none-eabi/4.8.1/../../../../arm-none-eabi/lib/thumb2/libc.a(lib_a-mallocr.o)
 .ARM.attributes
                0x00000bce       0x29 /home/santi/arm-2013.11/bin/../lib/gcc/arm-none-eabi/4.8.1/../../../../arm-none-eabi/lib/thumb2/libc.a(lib_a-memchr-stub.o)
 .ARM.attributes
                0x00000bf7       0x29 /home/santi/arm-2013.11/bin/../lib/gcc/arm-none-eabi/4.8.1/../../../../arm-none-eabi/lib/thumb2/libc.a(lib_a-memmove.o)
 .ARM.attributes
                0x00000c20       0x29 /home/santi/arm-2013.11/bin/../lib/gcc/arm-none-eabi/4.8.1/../../../../arm-none-eabi/lib/thumb2/libc.a(lib_a-mlock.o)
 .ARM.attributes
                0x00000c49       0x29 /home/santi/arm-2013.11/bin/../lib/gcc/arm-none-eabi/4.8.1/../../../../arm-none-eabi/lib/thumb2/libc.a(lib_a-reallocr.o)
 .ARM.attributes
                0x00000c72       0x29 /home/santi/arm-2013.11/bin/../lib/gcc/arm-none-eabi/4.8.1/../../../../arm-none-eabi/lib/thumb2/libc.a(lib_a-reent.o)
 .ARM.attributes
                0x00000c9b       0x29 /home/santi/arm-2013.11/bin/../lib/gcc/arm-none-eabi/4.8.1/../../../../arm-none-eabi/lib/thumb2/libc.a(lib_a-stdio.o)
 .ARM.attributes
                0x00000cc4       0x17 /home/santi/arm-2013.11/bin/../lib/gcc/arm-none-eabi/4.8.1/../../../../arm-none-eabi/lib/thumb2/libc.a(lib_a-strcmp.o)
 .ARM.attributes
                0x00000cdb       0x29 /home/santi/arm-2013.11/bin/../lib/gcc/arm-none-eabi/4.8.1/../../../../arm-none-eabi/lib/thumb2/libc.a(lib_a-strlen.o)
 .ARM.attributes
                0x00000d04       0x29 /home/santi/arm-2013.11/bin/../lib/gcc/arm-none-eabi/4.8.1/../../../../arm-none-eabi/lib/thumb2/libc.a(lib_a-wbuf.o)
 .ARM.attributes
                0x00000d2d       0x29 /home/santi/arm-2013.11/bin/../lib/gcc/arm-none-eabi/4.8.1/../../../../arm-none-eabi/lib/thumb2/libc.a(lib_a-wcrtomb.o)
 .ARM.attributes
                0x00000d56       0x29 /home/santi/arm-2013.11/bin/../lib/gcc/arm-none-eabi/4.8.1/../../../../arm-none-eabi/lib/thumb2/libc.a(lib_a-wctomb_r.o)
 .ARM.attributes
                0x00000d7f       0x29 /home/santi/arm-2013.11/bin/../lib/gcc/arm-none-eabi/4.8.1/../../../../arm-none-eabi/lib/thumb2/libc.a(lib_a-fclose.o)
 .ARM.attributes
                0x00000da8       0x19 /home/santi/arm-2013.11/bin/../lib/gcc/arm-none-eabi/4.8.1/thumb2/libgcc.a(_aeabi_uldivmod.o)
 .ARM.attributes
                0x00000dc1       0x29 /home/santi/arm-2013.11/bin/../lib/gcc/arm-none-eabi/4.8.1/thumb2/libgcc.a(bpabi.o)
 .ARM.attributes
                0x00000dea       0x19 /home/santi/arm-2013.11/bin/../lib/gcc/arm-none-eabi/4.8.1/thumb2/libgcc.a(_dvmd_tls.o)
 .ARM.attributes
                0x00000e03       0x29 /home/santi/arm-2013.11/bin/../lib/gcc/arm-none-eabi/4.8.1/thumb2/libgcc.a(_divdi3.o)
 .ARM.attributes
                0x00000e2c       0x29 /home/santi/arm-2013.11/bin/../lib/gcc/arm-none-eabi/4.8.1/thumb2/libgcc.a(_udivdi3.o)
 .ARM.attributes
                0x00000e55       0x19 /home/santi/arm-2013.11/bin/../lib/gcc/arm-none-eabi/4.8.1/thumb2/libgcc.a(_udivsi3.o)

.debug_frame    0x00000000     0x2798
 .debug_frame   0x00000000       0x50 build/obj/crt0.o
 .debug_frame   0x00000050       0x20 build/obj/vectors.o
 .debug_frame   0x00000070       0x98 build/obj/chcore_v7m.o
 .debug_frame   0x00000108       0x54 build/obj/nvic.o
 .debug_frame   0x0000015c       0x5c build/obj/chsys.o
 .debug_frame   0x000001b8       0x5c build/obj/chvt.o
 .debug_frame   0x00000214       0xdc build/obj/chschd.o
 .debug_frame   0x000002f0      0x180 build/obj/chthreads.o
 .debug_frame   0x00000470       0xe4 build/obj/chmtx.o
 .debug_frame   0x00000554      0x1c0 build/obj/chevents.o
 .debug_frame   0x00000714      0x17c build/obj/chqueues.o
 .debug_frame   0x00000890       0x50 build/obj/chmemcore.o
 .debug_frame   0x000008e0       0x98 build/obj/chheap.o
 .debug_frame   0x00000978       0x2c build/obj/hal.o
 .debug_frame   0x000009a4      0x150 build/obj/serial.o
 .debug_frame   0x00000af4       0x3c build/obj/hal_lld.o
 .debug_frame   0x00000b30       0x3c build/obj/system_SAM3.o
 .debug_frame   0x00000b6c       0x3c build/obj/pal_lld.o
 .debug_frame   0x00000ba8       0xe4 build/obj/serial_lld.o
 .debug_frame   0x00000c8c       0x80 build/obj/pio.o
 .debug_frame   0x00000d0c       0xe0 build/obj/pmc.o
 .debug_frame   0x00000dec      0x1a0 build/obj/atmel_twi.o
 .debug_frame   0x00000f8c       0xa0 build/obj/atmel_twid.o
 .debug_frame   0x0000102c       0x2c build/obj/atmel_psram.o
 .debug_frame   0x00001058       0x60 build/obj/wdt.o
 .debug_frame   0x000010b8       0x3c build/obj/board.o
 .debug_frame   0x000010f4       0xc8 build/obj/syscalls.o
 .debug_frame   0x000011bc       0xe4 build/obj/i2c.o
 .debug_frame   0x000012a0       0xbc build/obj/hts221.o
 .debug_frame   0x0000135c      0x69c build/obj/lsm9ds1.o
 .debug_frame   0x000019f8       0xcc build/obj/mpl3115a2.o
 .debug_frame   0x00001ac4       0x5c build/obj/veml6070.o
 .debug_frame   0x00001b20       0x9c build/obj/main.o
 .debug_frame   0x00001bbc       0x20 /home/santi/arm-2013.11/bin/../lib/gcc/arm-none-eabi/4.8.1/../../../../arm-none-eabi/lib/thumb2/libm.a(lib_a-w_atan2.o)
 .debug_frame   0x00001bdc       0x38 /home/santi/arm-2013.11/bin/../lib/gcc/arm-none-eabi/4.8.1/../../../../arm-none-eabi/lib/thumb2/libm.a(lib_a-w_sqrt.o)
 .debug_frame   0x00001c14       0x38 /home/santi/arm-2013.11/bin/../lib/gcc/arm-none-eabi/4.8.1/../../../../arm-none-eabi/lib/thumb2/libm.a(lib_a-e_atan2.o)
 .debug_frame   0x00001c4c       0x34 /home/santi/arm-2013.11/bin/../lib/gcc/arm-none-eabi/4.8.1/../../../../arm-none-eabi/lib/thumb2/libm.a(lib_a-e_sqrt.o)
 .debug_frame   0x00001c80       0x38 /home/santi/arm-2013.11/bin/../lib/gcc/arm-none-eabi/4.8.1/../../../../arm-none-eabi/lib/thumb2/libm.a(lib_a-s_atan.o)
 .debug_frame   0x00001cb8       0x20 /home/santi/arm-2013.11/bin/../lib/gcc/arm-none-eabi/4.8.1/../../../../arm-none-eabi/lib/thumb2/libm.a(lib_a-s_fabs.o)
 .debug_frame   0x00001cd8       0x20 /home/santi/arm-2013.11/bin/../lib/gcc/arm-none-eabi/4.8.1/../../../../arm-none-eabi/lib/thumb2/libm.a(lib_a-s_fpclassify.o)
 .debug_frame   0x00001cf8       0x20 /home/santi/arm-2013.11/bin/../lib/gcc/arm-none-eabi/4.8.1/../../../../arm-none-eabi/lib/thumb2/libm.a(lib_a-s_matherr.o)
 .debug_frame   0x00001d18       0x28 /home/santi/arm-2013.11/bin/../lib/gcc/arm-none-eabi/4.8.1/../../../../arm-none-eabi/lib/thumb2/libc.a(lib_a-abort.o)
 .debug_frame   0x00001d40       0x40 /home/santi/arm-2013.11/bin/../lib/gcc/arm-none-eabi/4.8.1/../../../../arm-none-eabi/lib/thumb2/libc.a(lib_a-assert.o)
 .debug_frame   0x00001d80       0x20 /home/santi/arm-2013.11/bin/../lib/gcc/arm-none-eabi/4.8.1/../../../../arm-none-eabi/lib/thumb2/libc.a(lib_a-errno.o)
 .debug_frame   0x00001da0       0x58 /home/santi/arm-2013.11/bin/../lib/gcc/arm-none-eabi/4.8.1/../../../../arm-none-eabi/lib/thumb2/libc.a(lib_a-fiprintf.o)
 .debug_frame   0x00001df8       0x2c /home/santi/arm-2013.11/bin/../lib/gcc/arm-none-eabi/4.8.1/../../../../arm-none-eabi/lib/thumb2/libc.a(lib_a-memcpy-stub.o)
 .debug_frame   0x00001e24       0x2c /home/santi/arm-2013.11/bin/../lib/gcc/arm-none-eabi/4.8.1/../../../../arm-none-eabi/lib/thumb2/libc.a(lib_a-memset.o)
 .debug_frame   0x00001e50       0xc0 /home/santi/arm-2013.11/bin/../lib/gcc/arm-none-eabi/4.8.1/../../../../arm-none-eabi/lib/thumb2/libc.a(lib_a-signal.o)
 .debug_frame   0x00001f10       0x3c /home/santi/arm-2013.11/bin/../lib/gcc/arm-none-eabi/4.8.1/../../../../arm-none-eabi/lib/thumb2/libc.a(lib_a-signalr.o)
 .debug_frame   0x00001f4c       0xbc /home/santi/arm-2013.11/bin/../lib/gcc/arm-none-eabi/4.8.1/../../../../arm-none-eabi/lib/thumb2/libc.a(lib_a-vfiprintf.o)
 .debug_frame   0x00002008       0x2c /home/santi/arm-2013.11/bin/../lib/gcc/arm-none-eabi/4.8.1/../../../../arm-none-eabi/lib/thumb2/libc.a(lib_a-wsetup.o)
 .debug_frame   0x00002034       0x5c /home/santi/arm-2013.11/bin/../lib/gcc/arm-none-eabi/4.8.1/../../../../arm-none-eabi/lib/thumb2/libc.a(lib_a-fflush.o)
 .debug_frame   0x00002090      0x110 /home/santi/arm-2013.11/bin/../lib/gcc/arm-none-eabi/4.8.1/../../../../arm-none-eabi/lib/thumb2/libc.a(lib_a-findfp.o)
 .debug_frame   0x000021a0       0x50 /home/santi/arm-2013.11/bin/../lib/gcc/arm-none-eabi/4.8.1/../../../../arm-none-eabi/lib/thumb2/libc.a(lib_a-fputwc.o)
 .debug_frame   0x000021f0       0x50 /home/santi/arm-2013.11/bin/../lib/gcc/arm-none-eabi/4.8.1/../../../../arm-none-eabi/lib/thumb2/libc.a(lib_a-freer.o)